// Jest Snapshot v1, https://goo.gl/fbAQLP

exports[`AttachmentRow renders 1`] = `
<TouchableHighlight
  accessibilityRole="button"
  accessible={false}
  onPress={[Function]}
  style={
    Array [
      undefined,
      undefined,
    ]
  }
  testID="attachment-row.0"
>
  <View
    style={
      Array [
        Object {
          "alignItems": "center",
          "backgroundColor": "#FFFFFF",
          "flex": 1,
          "flexDirection": "row",
          "minHeight": 54,
          "paddingBottom": 12,
          "paddingLeft": 16,
          "paddingRight": 16,
          "paddingTop": 12,
        },
        Object {
          "backgroundColor": "#FFFFFF",
        },
        undefined,
      ]
    }
  >
    <View
      accessibilityLabel="Upload complete"
      accessible={true}
      style={Object {}}
    >
      <Image
        source={
          Object {
            "testUri": "../../../src/images/attachments/complete-icon.png",
          }
        }
        testID="attachment-row.0.icon.complete"
      />
    </View>
    <View
      style={
        Array [
          Object {
            "flex": 1,
            "flexDirection": "column",
            "justifyContent": "center",
          },
          Object {
            "marginLeft": 12,
          },
        ]
      }
    >
      <Text
        ellipsizeMode="tail"
        numberOfLines={0}
        style={
          Array [
            Object {
              "color": "#2D3B45",
              "fontFamily": "Lato-Regular",
              "fontSize": 16,
            },
            Array [
              Object {
                "color": "#2D3B45",
                "fontWeight": "600",
              },
            ],
          ]
        }
      >
        Attachment 1
      </Text>
    </View>
    <View
      style={
        Object {
          "flex": 0,
        }
      }
    >
      <View
        style={
          Object {
            "alignItems": "center",
            "flex": 1,
            "flexDirection": "row",
            "justifyContent": "flex-end",
          }
        }
      >
        <TouchableHighlight
          accessibilityLabel="Remove attachment"
          accessibilityTraits="button"
          hitSlop={
            Object {
              "bottom": 8,
              "left": 8,
              "right": 8,
              "top": 8,
            }
          }
          onPress={[Function]}
          testID="attachment-row.0.remove.btn"
          underlayColor="#FFFFFF"
        >
          <Image
            source={
              Object {
                "testUri": "../../../src/images/x-icon.png",
              }
            }
            style={
              Object {
                "height": 14,
                "tintColor": "#2D3B45",
                "width": 14,
              }
            }
          />
        </TouchableHighlight>
      </View>
    </View>
  </View>
</TouchableHighlight>
`;
