// Jest Snapshot v1, https://goo.gl/fbAQLP

exports[`renders 1`] = `
<Screen
  navBarColor={undefined}
  navBarStyle="dark"
  rightBarButtons={
    Array [
      Object {
        "action": [Function],
        "testID": "assignment-due-dates.edit-btn",
        "title": "Edit",
      },
    ]
  }
>
  <View
    style={
      Object {
        "flex": 1,
      }
    }
  >
    <RCTScrollView
      style={
        Object {
          "flex": 1,
          "paddingLeft": 16,
          "paddingRight": 16,
        }
      }
    >
      <View />
    </RCTScrollView>
  </View>
</Screen>
`;

exports[`renders with overrides 1`] = `
<Screen
  navBarColor={undefined}
  navBarStyle="dark"
  rightBarButtons={
    Array [
      Object {
        "action": [Function],
        "testID": "assignment-due-dates.edit-btn",
        "title": "Edit",
      },
    ]
  }
>
  <View
    style={
      Object {
        "flex": 1,
      }
    }
  >
    <RCTScrollView
      style={
        Object {
          "flex": 1,
          "paddingLeft": 16,
          "paddingRight": 16,
        }
      }
    >
      <View>
        <View
          style={
            Object {
              "paddingTop": 16,
            }
          }
        >
          <Text
            accessibilityTraits="header"
            accessible={true}
            allowFontScaling={true}
            ellipsizeMode="tail"
            style={
              Array [
                Object {
                  "fontFamily": ".SFUIDisplay",
                },
                Object {
                  "color": "#2D3B45",
                  "fontFamily": ".SFUIDisplay-semibold",
                  "fontSize": 20,
                },
                undefined,
              ]
            }
          >
            Due May 31, 2037 at 11:59 PM
          </Text>
          <View
            accessible={true}
          >
            <Text
              accessible={true}
              allowFontScaling={true}
              ellipsizeMode="tail"
              style={
                Array [
                  Object {
                    "fontFamily": ".SFUIDisplay",
                  },
                  Object {
                    "color": "#2D3B45",
                    "fontSize": 16,
                  },
                  Object {
                    "color": "#8B969E",
                    "fontWeight": "500",
                    "paddingTop": 16,
                  },
                  Object {
                    "fontFamily": ".SFUIDisplay-medium",
                  },
                ]
              }
            >
              For
            </Text>
            <Text
              accessible={true}
              allowFontScaling={true}
              ellipsizeMode="tail"
              style={
                Array [
                  Object {
                    "fontFamily": ".SFUIDisplay",
                  },
                  Object {
                    "color": "#2D3B45",
                    "fontSize": 16,
                  },
                  Object {
                    "paddingBottom": 16,
                  },
                  Object {
                    "fontFamily": ".SFUIDisplay",
                  },
                ]
              }
            >
              due
            </Text>
          </View>
          <View
            style={
              Object {
                "backgroundColor": "#C7CDD1",
                "height": 0.5,
              }
            }
          />
          <View
            accessibilityLabel="Available from: Mar 17, 2017 at 12:00 AM"
            accessible={true}
          >
            <Text
              accessible={true}
              allowFontScaling={true}
              ellipsizeMode="tail"
              style={
                Array [
                  Object {
                    "fontFamily": ".SFUIDisplay",
                  },
                  Object {
                    "color": "#2D3B45",
                    "fontSize": 16,
                  },
                  Object {
                    "color": "#8B969E",
                    "fontWeight": "500",
                    "paddingTop": 16,
                  },
                  Object {
                    "fontFamily": ".SFUIDisplay-medium",
                  },
                ]
              }
            >
              Available From
            </Text>
            <Text
              accessible={true}
              allowFontScaling={true}
              ellipsizeMode="tail"
              style={
                Array [
                  Object {
                    "fontFamily": ".SFUIDisplay",
                  },
                  Object {
                    "color": "#2D3B45",
                    "fontSize": 16,
                  },
                  Object {
                    "paddingBottom": 16,
                  },
                  Object {
                    "fontFamily": ".SFUIDisplay",
                  },
                ]
              }
            >
              Mar 17, 2017 at 12:00 AM
            </Text>
          </View>
          <View
            style={
              Object {
                "backgroundColor": "#C7CDD1",
                "height": 0.5,
              }
            }
          />
          <View
            accessibilityLabel="Available until: May 31, 2037 at 11:59 PM"
            accessible={true}
          >
            <Text
              accessible={true}
              allowFontScaling={true}
              ellipsizeMode="tail"
              style={
                Array [
                  Object {
                    "fontFamily": ".SFUIDisplay",
                  },
                  Object {
                    "color": "#2D3B45",
                    "fontSize": 16,
                  },
                  Object {
                    "color": "#8B969E",
                    "fontWeight": "500",
                    "paddingTop": 16,
                  },
                  Object {
                    "fontFamily": ".SFUIDisplay-medium",
                  },
                ]
              }
            >
              Available Until
            </Text>
            <Text
              accessible={true}
              allowFontScaling={true}
              ellipsizeMode="tail"
              style={
                Array [
                  Object {
                    "fontFamily": ".SFUIDisplay",
                  },
                  Object {
                    "color": "#2D3B45",
                    "fontSize": 16,
                  },
                  Object {
                    "paddingBottom": 16,
                  },
                  Object {
                    "fontFamily": ".SFUIDisplay",
                  },
                ]
              }
            >
              May 31, 2037 at 11:59 PM
            </Text>
          </View>
          <View
            style={
              Object {
                "backgroundColor": "#C7CDD1",
                "height": 0.5,
              }
            }
          />
        </View>
      </View>
    </RCTScrollView>
  </View>
</Screen>
`;

exports[`renders with overrides and specific student ids and sections 1`] = `
<Screen
  navBarColor={undefined}
  navBarStyle="dark"
  rightBarButtons={
    Array [
      Object {
        "action": [Function],
        "testID": "assignment-due-dates.edit-btn",
        "title": "Edit",
      },
    ]
  }
>
  <View
    style={
      Object {
        "flex": 1,
      }
    }
  >
    <RCTScrollView
      style={
        Object {
          "flex": 1,
          "paddingLeft": 16,
          "paddingRight": 16,
        }
      }
    >
      <View>
        <View
          style={
            Object {
              "paddingTop": 16,
            }
          }
        >
          <Text
            accessibilityTraits="header"
            accessible={true}
            allowFontScaling={true}
            ellipsizeMode="tail"
            style={
              Array [
                Object {
                  "fontFamily": ".SFUIDisplay",
                },
                Object {
                  "color": "#2D3B45",
                  "fontFamily": ".SFUIDisplay-semibold",
                  "fontSize": 20,
                },
                undefined,
              ]
            }
          >
            Due May 31, 2037 at 11:59 PM
          </Text>
          <View
            accessible={true}
          >
            <Text
              accessible={true}
              allowFontScaling={true}
              ellipsizeMode="tail"
              style={
                Array [
                  Object {
                    "fontFamily": ".SFUIDisplay",
                  },
                  Object {
                    "color": "#2D3B45",
                    "fontSize": 16,
                  },
                  Object {
                    "color": "#8B969E",
                    "fontWeight": "500",
                    "paddingTop": 16,
                  },
                  Object {
                    "fontFamily": ".SFUIDisplay-medium",
                  },
                ]
              }
            >
              For
            </Text>
            <Text
              accessible={true}
              allowFontScaling={true}
              ellipsizeMode="tail"
              style={
                Array [
                  Object {
                    "fontFamily": ".SFUIDisplay",
                  },
                  Object {
                    "color": "#2D3B45",
                    "fontSize": 16,
                  },
                  Object {
                    "paddingBottom": 16,
                  },
                  Object {
                    "fontFamily": ".SFUIDisplay",
                  },
                ]
              }
            >
              Donald Trump
            </Text>
          </View>
          <View
            style={
              Object {
                "backgroundColor": "#C7CDD1",
                "height": 0.5,
              }
            }
          />
          <View
            accessibilityLabel="Available from: Mar 17, 2017 at 12:00 AM"
            accessible={true}
          >
            <Text
              accessible={true}
              allowFontScaling={true}
              ellipsizeMode="tail"
              style={
                Array [
                  Object {
                    "fontFamily": ".SFUIDisplay",
                  },
                  Object {
                    "color": "#2D3B45",
                    "fontSize": 16,
                  },
                  Object {
                    "color": "#8B969E",
                    "fontWeight": "500",
                    "paddingTop": 16,
                  },
                  Object {
                    "fontFamily": ".SFUIDisplay-medium",
                  },
                ]
              }
            >
              Available From
            </Text>
            <Text
              accessible={true}
              allowFontScaling={true}
              ellipsizeMode="tail"
              style={
                Array [
                  Object {
                    "fontFamily": ".SFUIDisplay",
                  },
                  Object {
                    "color": "#2D3B45",
                    "fontSize": 16,
                  },
                  Object {
                    "paddingBottom": 16,
                  },
                  Object {
                    "fontFamily": ".SFUIDisplay",
                  },
                ]
              }
            >
              Mar 17, 2017 at 12:00 AM
            </Text>
          </View>
          <View
            style={
              Object {
                "backgroundColor": "#C7CDD1",
                "height": 0.5,
              }
            }
          />
          <View
            accessibilityLabel="Available until: May 31, 2037 at 11:59 PM"
            accessible={true}
          >
            <Text
              accessible={true}
              allowFontScaling={true}
              ellipsizeMode="tail"
              style={
                Array [
                  Object {
                    "fontFamily": ".SFUIDisplay",
                  },
                  Object {
                    "color": "#2D3B45",
                    "fontSize": 16,
                  },
                  Object {
                    "color": "#8B969E",
                    "fontWeight": "500",
                    "paddingTop": 16,
                  },
                  Object {
                    "fontFamily": ".SFUIDisplay-medium",
                  },
                ]
              }
            >
              Available Until
            </Text>
            <Text
              accessible={true}
              allowFontScaling={true}
              ellipsizeMode="tail"
              style={
                Array [
                  Object {
                    "fontFamily": ".SFUIDisplay",
                  },
                  Object {
                    "color": "#2D3B45",
                    "fontSize": 16,
                  },
                  Object {
                    "paddingBottom": 16,
                  },
                  Object {
                    "fontFamily": ".SFUIDisplay",
                  },
                ]
              }
            >
              May 31, 2037 at 11:59 PM
            </Text>
          </View>
          <View
            style={
              Object {
                "backgroundColor": "#C7CDD1",
                "height": 0.5,
              }
            }
          />
        </View>
        <View
          style={
            Object {
              "paddingTop": 16,
            }
          }
        >
          <Text
            accessibilityTraits="header"
            accessible={true}
            allowFontScaling={true}
            ellipsizeMode="tail"
            style={
              Array [
                Object {
                  "fontFamily": ".SFUIDisplay",
                },
                Object {
                  "color": "#2D3B45",
                  "fontFamily": ".SFUIDisplay-semibold",
                  "fontSize": 20,
                },
                undefined,
              ]
            }
          >
            Due May 31, 2037 at 11:59 PM
          </Text>
          <View
            accessible={true}
          >
            <Text
              accessible={true}
              allowFontScaling={true}
              ellipsizeMode="tail"
              style={
                Array [
                  Object {
                    "fontFamily": ".SFUIDisplay",
                  },
                  Object {
                    "color": "#2D3B45",
                    "fontSize": 16,
                  },
                  Object {
                    "color": "#8B969E",
                    "fontWeight": "500",
                    "paddingTop": 16,
                  },
                  Object {
                    "fontFamily": ".SFUIDisplay-medium",
                  },
                ]
              }
            >
              For
            </Text>
            <Text
              accessible={true}
              allowFontScaling={true}
              ellipsizeMode="tail"
              style={
                Array [
                  Object {
                    "fontFamily": ".SFUIDisplay",
                  },
                  Object {
                    "color": "#2D3B45",
                    "fontSize": 16,
                  },
                  Object {
                    "paddingBottom": 16,
                  },
                  Object {
                    "fontFamily": ".SFUIDisplay",
                  },
                ]
              }
            >
              Section 1
            </Text>
          </View>
          <View
            style={
              Object {
                "backgroundColor": "#C7CDD1",
                "height": 0.5,
              }
            }
          />
          <View
            accessibilityLabel="Available from: Mar 17, 2017 at 12:00 AM"
            accessible={true}
          >
            <Text
              accessible={true}
              allowFontScaling={true}
              ellipsizeMode="tail"
              style={
                Array [
                  Object {
                    "fontFamily": ".SFUIDisplay",
                  },
                  Object {
                    "color": "#2D3B45",
                    "fontSize": 16,
                  },
                  Object {
                    "color": "#8B969E",
                    "fontWeight": "500",
                    "paddingTop": 16,
                  },
                  Object {
                    "fontFamily": ".SFUIDisplay-medium",
                  },
                ]
              }
            >
              Available From
            </Text>
            <Text
              accessible={true}
              allowFontScaling={true}
              ellipsizeMode="tail"
              style={
                Array [
                  Object {
                    "fontFamily": ".SFUIDisplay",
                  },
                  Object {
                    "color": "#2D3B45",
                    "fontSize": 16,
                  },
                  Object {
                    "paddingBottom": 16,
                  },
                  Object {
                    "fontFamily": ".SFUIDisplay",
                  },
                ]
              }
            >
              Mar 17, 2017 at 12:00 AM
            </Text>
          </View>
          <View
            style={
              Object {
                "backgroundColor": "#C7CDD1",
                "height": 0.5,
              }
            }
          />
          <View
            accessibilityLabel="Available until: May 31, 2037 at 11:59 PM"
            accessible={true}
          >
            <Text
              accessible={true}
              allowFontScaling={true}
              ellipsizeMode="tail"
              style={
                Array [
                  Object {
                    "fontFamily": ".SFUIDisplay",
                  },
                  Object {
                    "color": "#2D3B45",
                    "fontSize": 16,
                  },
                  Object {
                    "color": "#8B969E",
                    "fontWeight": "500",
                    "paddingTop": 16,
                  },
                  Object {
                    "fontFamily": ".SFUIDisplay-medium",
                  },
                ]
              }
            >
              Available Until
            </Text>
            <Text
              accessible={true}
              allowFontScaling={true}
              ellipsizeMode="tail"
              style={
                Array [
                  Object {
                    "fontFamily": ".SFUIDisplay",
                  },
                  Object {
                    "color": "#2D3B45",
                    "fontSize": 16,
                  },
                  Object {
                    "paddingBottom": 16,
                  },
                  Object {
                    "fontFamily": ".SFUIDisplay",
                  },
                ]
              }
            >
              May 31, 2037 at 11:59 PM
            </Text>
          </View>
          <View
            style={
              Object {
                "backgroundColor": "#C7CDD1",
                "height": 0.5,
              }
            }
          />
        </View>
        <View
          style={
            Object {
              "paddingTop": 16,
            }
          }
        >
          <Text
            accessibilityTraits="header"
            accessible={true}
            allowFontScaling={true}
            ellipsizeMode="tail"
            style={
              Array [
                Object {
                  "fontFamily": ".SFUIDisplay",
                },
                Object {
                  "color": "#2D3B45",
                  "fontFamily": ".SFUIDisplay-semibold",
                  "fontSize": 20,
                },
                undefined,
              ]
            }
          >
            Due May 31, 2037 at 11:59 PM
          </Text>
          <View
            accessible={true}
          >
            <Text
              accessible={true}
              allowFontScaling={true}
              ellipsizeMode="tail"
              style={
                Array [
                  Object {
                    "fontFamily": ".SFUIDisplay",
                  },
                  Object {
                    "color": "#2D3B45",
                    "fontSize": 16,
                  },
                  Object {
                    "color": "#8B969E",
                    "fontWeight": "500",
                    "paddingTop": 16,
                  },
                  Object {
                    "fontFamily": ".SFUIDisplay-medium",
                  },
                ]
              }
            >
              For
            </Text>
            <Text
              accessible={true}
              allowFontScaling={true}
              ellipsizeMode="tail"
              style={
                Array [
                  Object {
                    "fontFamily": ".SFUIDisplay",
                  },
                  Object {
                    "color": "#2D3B45",
                    "fontSize": 16,
                  },
                  Object {
                    "paddingBottom": 16,
                  },
                  Object {
                    "fontFamily": ".SFUIDisplay",
                  },
                ]
              }
            >
              due
            </Text>
          </View>
          <View
            style={
              Object {
                "backgroundColor": "#C7CDD1",
                "height": 0.5,
              }
            }
          />
          <View
            accessibilityLabel="Available from: Mar 17, 2017 at 12:00 AM"
            accessible={true}
          >
            <Text
              accessible={true}
              allowFontScaling={true}
              ellipsizeMode="tail"
              style={
                Array [
                  Object {
                    "fontFamily": ".SFUIDisplay",
                  },
                  Object {
                    "color": "#2D3B45",
                    "fontSize": 16,
                  },
                  Object {
                    "color": "#8B969E",
                    "fontWeight": "500",
                    "paddingTop": 16,
                  },
                  Object {
                    "fontFamily": ".SFUIDisplay-medium",
                  },
                ]
              }
            >
              Available From
            </Text>
            <Text
              accessible={true}
              allowFontScaling={true}
              ellipsizeMode="tail"
              style={
                Array [
                  Object {
                    "fontFamily": ".SFUIDisplay",
                  },
                  Object {
                    "color": "#2D3B45",
                    "fontSize": 16,
                  },
                  Object {
                    "paddingBottom": 16,
                  },
                  Object {
                    "fontFamily": ".SFUIDisplay",
                  },
                ]
              }
            >
              Mar 17, 2017 at 12:00 AM
            </Text>
          </View>
          <View
            style={
              Object {
                "backgroundColor": "#C7CDD1",
                "height": 0.5,
              }
            }
          />
          <View
            accessibilityLabel="Available until: May 31, 2037 at 11:59 PM"
            accessible={true}
          >
            <Text
              accessible={true}
              allowFontScaling={true}
              ellipsizeMode="tail"
              style={
                Array [
                  Object {
                    "fontFamily": ".SFUIDisplay",
                  },
                  Object {
                    "color": "#2D3B45",
                    "fontSize": 16,
                  },
                  Object {
                    "color": "#8B969E",
                    "fontWeight": "500",
                    "paddingTop": 16,
                  },
                  Object {
                    "fontFamily": ".SFUIDisplay-medium",
                  },
                ]
              }
            >
              Available Until
            </Text>
            <Text
              accessible={true}
              allowFontScaling={true}
              ellipsizeMode="tail"
              style={
                Array [
                  Object {
                    "fontFamily": ".SFUIDisplay",
                  },
                  Object {
                    "color": "#2D3B45",
                    "fontSize": 16,
                  },
                  Object {
                    "paddingBottom": 16,
                  },
                  Object {
                    "fontFamily": ".SFUIDisplay",
                  },
                ]
              }
            >
              May 31, 2037 at 11:59 PM
            </Text>
          </View>
          <View
            style={
              Object {
                "backgroundColor": "#C7CDD1",
                "height": 0.5,
              }
            }
          />
        </View>
        <View
          style={
            Object {
              "paddingTop": 16,
            }
          }
        >
          <Text
            accessibilityTraits="header"
            accessible={true}
            allowFontScaling={true}
            ellipsizeMode="tail"
            style={
              Array [
                Object {
                  "fontFamily": ".SFUIDisplay",
                },
                Object {
                  "color": "#2D3B45",
                  "fontFamily": ".SFUIDisplay-semibold",
                  "fontSize": 20,
                },
                undefined,
              ]
            }
          >
            No Due Date
          </Text>
          <View
            accessible={true}
          >
            <Text
              accessible={true}
              allowFontScaling={true}
              ellipsizeMode="tail"
              style={
                Array [
                  Object {
                    "fontFamily": ".SFUIDisplay",
                  },
                  Object {
                    "color": "#2D3B45",
                    "fontSize": 16,
                  },
                  Object {
                    "color": "#8B969E",
                    "fontWeight": "500",
                    "paddingTop": 16,
                  },
                  Object {
                    "fontFamily": ".SFUIDisplay-medium",
                  },
                ]
              }
            >
              For
            </Text>
            <Text
              accessible={true}
              allowFontScaling={true}
              ellipsizeMode="tail"
              style={
                Array [
                  Object {
                    "fontFamily": ".SFUIDisplay",
                  },
                  Object {
                    "color": "#2D3B45",
                    "fontSize": 16,
                  },
                  Object {
                    "paddingBottom": 16,
                  },
                  Object {
                    "fontFamily": ".SFUIDisplay",
                  },
                ]
              }
            >
              messy
            </Text>
          </View>
          <View
            style={
              Object {
                "backgroundColor": "#C7CDD1",
                "height": 0.5,
              }
            }
          />
          <View
            accessibilityLabel="No available from date set"
            accessible={true}
          >
            <Text
              accessible={true}
              allowFontScaling={true}
              ellipsizeMode="tail"
              style={
                Array [
                  Object {
                    "fontFamily": ".SFUIDisplay",
                  },
                  Object {
                    "color": "#2D3B45",
                    "fontSize": 16,
                  },
                  Object {
                    "color": "#8B969E",
                    "fontWeight": "500",
                    "paddingTop": 16,
                  },
                  Object {
                    "fontFamily": ".SFUIDisplay-medium",
                  },
                ]
              }
            >
              Available From
            </Text>
            <Text
              accessible={true}
              allowFontScaling={true}
              ellipsizeMode="tail"
              style={
                Array [
                  Object {
                    "fontFamily": ".SFUIDisplay",
                  },
                  Object {
                    "color": "#2D3B45",
                    "fontSize": 16,
                  },
                  Object {
                    "paddingBottom": 16,
                  },
                  Object {
                    "fontFamily": ".SFUIDisplay",
                  },
                ]
              }
            >
              --
            </Text>
          </View>
          <View
            style={
              Object {
                "backgroundColor": "#C7CDD1",
                "height": 0.5,
              }
            }
          />
          <View
            accessibilityLabel="No available until date set"
            accessible={true}
          >
            <Text
              accessible={true}
              allowFontScaling={true}
              ellipsizeMode="tail"
              style={
                Array [
                  Object {
                    "fontFamily": ".SFUIDisplay",
                  },
                  Object {
                    "color": "#2D3B45",
                    "fontSize": 16,
                  },
                  Object {
                    "color": "#8B969E",
                    "fontWeight": "500",
                    "paddingTop": 16,
                  },
                  Object {
                    "fontFamily": ".SFUIDisplay-medium",
                  },
                ]
              }
            >
              Available Until
            </Text>
            <Text
              accessible={true}
              allowFontScaling={true}
              ellipsizeMode="tail"
              style={
                Array [
                  Object {
                    "fontFamily": ".SFUIDisplay",
                  },
                  Object {
                    "color": "#2D3B45",
                    "fontSize": 16,
                  },
                  Object {
                    "paddingBottom": 16,
                  },
                  Object {
                    "fontFamily": ".SFUIDisplay",
                  },
                ]
              }
            >
              --
            </Text>
          </View>
          <View
            style={
              Object {
                "backgroundColor": "#C7CDD1",
                "height": 0.5,
              }
            }
          />
        </View>
      </View>
    </RCTScrollView>
  </View>
</Screen>
`;
