// Jest Snapshot v1, https://goo.gl/fbAQLP

exports[`DiscussionReplies edit action sheet calls cancel 1`] = `
<View
  style={
    Object {
      "flex": 1,
      "flexDirection": "row",
    }
  }
>
  <View />
  <View
    style={
      Object {
        "alignItems": "center",
        "flexDirection": "column",
        "justifyContent": "flex-start",
        "marginRight": 8,
        "marginTop": 10,
        "paddingTop": 6,
      }
    }
  >
    <View />
    <Avatar
      avatarURL="http://www.fillmurray.com/100/100"
      height={24}
      onPress={[Function]}
      style={
        Object {
          "backgroundColor": "#f5f5f5",
          "borderRadius": 12,
          "height": 24,
          "marginTop": 12.8,
          "width": 24,
        }
      }
      testID="reply.avatar"
      userName="The Donald"
    />
    <View
      style={
        Object {
          "backgroundColor": "#f5f5f5",
          "flex": 1,
          "width": 1,
        }
      }
    />
  </View>
  <View
    style={
      Object {
        "flex": 1,
      }
    }
  >
    <View
      style={
        Object {
          "alignSelf": "stretch",
          "marginTop": 12.8,
        }
      }
    >
      <Text
        accessibilityTraits="none"
        accessible={true}
        allowFontScaling={true}
        ellipsizeMode="tail"
        style={
          Array [
            Object {
              "fontFamily": ".SFUIDisplay",
            },
            Object {
              "color": "#2D3B45",
              "fontSize": 16,
            },
            Object {
              "fontSize": 14,
              "fontWeight": "600",
            },
            Object {
              "fontFamily": ".SFUIDisplay-semibold",
            },
          ]
        }
      >
        The Donald
      </Text>
      <Text
        accessible={true}
        allowFontScaling={true}
        ellipsizeMode="tail"
        style={
          Array [
            Object {
              "fontFamily": ".SFUIDisplay",
            },
            Object {
              "color": "#2D3B45",
              "fontSize": 16,
            },
            Object {
              "color": "#8B969E",
              "fontSize": 12,
              "marginBottom": 16,
            },
            Object {
              "fontFamily": ".SFUIDisplay",
            },
          ]
        }
      >
        May 23 at 11:12 AM
      </Text>
      <View
        style={
          Object {
            "flex": 1,
          }
        }
        testID="web-container.view"
      >
        <CanvasWebView
          automaticallyAdjustContentInsets={undefined}
          contentInset={undefined}
          navigator={
            Object {
              "dismiss": [Function],
              "dismissAllModals": [Function],
              "isModal": false,
              "pop": [Function],
              "show": [Function],
              "traitCollection": [Function],
            }
          }
          onError={[Function]}
          onFinishedLoading={[Function]}
          onMessage={[Function]}
          onNavigation={[Function]}
          scrollEnabled={false}
          source={
            Object {
              "html": "<p>1.0</p>",
            }
          }
          style={
            Object {
              "flex": 1,
            }
          }
        />
      </View>
      <View
        style={
          Object {
            "flex": 1,
            "flexDirection": "row",
            "marginTop": 16,
          }
        }
      >
        <View
          style={
            Object {
              "flex": 1,
              "flexDirection": "row",
              "justifyContent": "flex-start",
            }
          }
        >
          <TouchableOpacity
            accessibilityTraits="button"
            hitSlop={
              Object {
                "bottom": 15,
                "left": 15,
                "right": 15,
                "top": 15,
              }
            }
            onPress={[Function]}
            style={
              Object {
                "alignSelf": "flex-end",
                "paddingBottom": 2,
                "paddingRight": 2,
                "paddingTop": 2,
              }
            }
            testID="discussion.reply-btn"
            textAttributes={
              Object {
                "color": "#8B969E",
                "fontSize": 16,
                "fontWeight": "500",
              }
            }
          >
            <View>
              <Text
                accessible={true}
                allowFontScaling={true}
                ellipsizeMode="tail"
                style={
                  Array [
                    Object {
                      "fontFamily": ".SFUIDisplay",
                    },
                    Object {
                      "color": "#2D3B45",
                      "fontSize": 16,
                    },
                    Array [
                      Object {
                        "color": "#374A59",
                        "fontSize": 14,
                      },
                      Object {
                        "fontFamily": ".SFUIDisplay-bold",
                      },
                      Object {
                        "color": "#374A59",
                      },
                      Object {
                        "color": "#8B969E",
                        "fontSize": 16,
                        "fontWeight": "500",
                      },
                    ],
                    Object {
                      "fontFamily": ".SFUIDisplay-medium",
                    },
                  ]
                }
              >
                Reply
              </Text>
            </View>
          </TouchableOpacity>
          <Text
            accessible={false}
            allowFontScaling={true}
            ellipsizeMode="tail"
            style={
              Array [
                Object {
                  "fontFamily": ".SFUIDisplay",
                },
                Object {
                  "color": "#2D3B45",
                  "fontSize": 16,
                },
                Array [
                  Object {
                    "alignSelf": "flex-end",
                    "paddingBottom": 2,
                    "paddingRight": 2,
                    "paddingTop": 2,
                  },
                  Object {
                    "alignSelf": "center",
                    "color": "#C7CDD1",
                    "paddingLeft": 10,
                    "paddingRight": 10,
                    "textAlign": "center",
                  },
                ],
                Object {
                  "fontFamily": ".SFUIDisplay",
                },
              ]
            }
          >
            |
          </Text>
          <TouchableOpacity
            accessibilityTraits="button"
            hitSlop={
              Object {
                "bottom": 15,
                "left": 15,
                "right": 15,
                "top": 15,
              }
            }
            onPress={[Function]}
            style={
              Object {
                "alignSelf": "flex-end",
                "paddingBottom": 2,
                "paddingRight": 2,
                "paddingTop": 2,
              }
            }
            testID="discussion.edit-btn"
            textAttributes={
              Object {
                "color": "#8B969E",
                "fontSize": 16,
                "fontWeight": "500",
              }
            }
          >
            <View>
              <Text
                accessible={true}
                allowFontScaling={true}
                ellipsizeMode="tail"
                style={
                  Array [
                    Object {
                      "fontFamily": ".SFUIDisplay",
                    },
                    Object {
                      "color": "#2D3B45",
                      "fontSize": 16,
                    },
                    Array [
                      Object {
                        "color": "#374A59",
                        "fontSize": 14,
                      },
                      Object {
                        "fontFamily": ".SFUIDisplay-bold",
                      },
                      Object {
                        "color": "#374A59",
                      },
                      Object {
                        "color": "#8B969E",
                        "fontSize": 16,
                        "fontWeight": "500",
                      },
                    ],
                    Object {
                      "fontFamily": ".SFUIDisplay-medium",
                    },
                  ]
                }
              >
                Edit
              </Text>
            </View>
          </TouchableOpacity>
        </View>
      </View>
      <View />
    </View>
  </View>
</View>
`;

exports[`DiscussionReplies ratings renders rating 1`] = `
<View
  style={
    Object {
      "flex": 1,
      "flexDirection": "row",
    }
  }
>
  <View />
  <View
    style={
      Object {
        "alignItems": "center",
        "flexDirection": "column",
        "justifyContent": "flex-start",
        "marginRight": 8,
        "marginTop": 10,
        "paddingTop": 6,
      }
    }
  >
    <View />
    <Avatar
      avatarURL="http://www.fillmurray.com/100/100"
      height={24}
      onPress={[Function]}
      style={
        Object {
          "backgroundColor": "#f5f5f5",
          "borderRadius": 12,
          "height": 24,
          "marginTop": 12.8,
          "width": 24,
        }
      }
      testID="reply.avatar"
      userName="The Donald"
    />
    <View
      style={
        Object {
          "backgroundColor": "#f5f5f5",
          "flex": 1,
          "width": 1,
        }
      }
    />
  </View>
  <View
    style={
      Object {
        "flex": 1,
      }
    }
  >
    <View
      style={
        Object {
          "alignSelf": "stretch",
          "marginTop": 12.8,
        }
      }
    >
      <Text
        accessibilityTraits="none"
        accessible={true}
        allowFontScaling={true}
        ellipsizeMode="tail"
        style={
          Array [
            Object {
              "fontFamily": ".SFUIDisplay",
            },
            Object {
              "color": "#2D3B45",
              "fontSize": 16,
            },
            Object {
              "fontSize": 14,
              "fontWeight": "600",
            },
            Object {
              "fontFamily": ".SFUIDisplay-semibold",
            },
          ]
        }
      >
        The Donald
      </Text>
      <Text
        accessible={true}
        allowFontScaling={true}
        ellipsizeMode="tail"
        style={
          Array [
            Object {
              "fontFamily": ".SFUIDisplay",
            },
            Object {
              "color": "#2D3B45",
              "fontSize": 16,
            },
            Object {
              "color": "#8B969E",
              "fontSize": 12,
              "marginBottom": 16,
            },
            Object {
              "fontFamily": ".SFUIDisplay",
            },
          ]
        }
      >
        May 23 at 11:12 AM
      </Text>
      <View
        style={
          Object {
            "flex": 1,
          }
        }
        testID="web-container.view"
      >
        <CanvasWebView
          automaticallyAdjustContentInsets={undefined}
          contentInset={undefined}
          navigator={
            Object {
              "dismiss": [Function],
              "dismissAllModals": [Function],
              "isModal": false,
              "pop": [Function],
              "show": [Function],
              "traitCollection": [Function],
            }
          }
          onError={[Function]}
          onFinishedLoading={[Function]}
          onMessage={[Function]}
          onNavigation={[Function]}
          scrollEnabled={false}
          source={
            Object {
              "html": "<p>1.0</p>",
            }
          }
          style={
            Object {
              "flex": 1,
            }
          }
        />
      </View>
      <View
        style={
          Object {
            "flex": 1,
            "flexDirection": "row",
            "marginTop": 16,
          }
        }
      >
        <View
          style={
            Object {
              "flex": 1,
              "flexDirection": "row",
              "justifyContent": "flex-start",
            }
          }
        >
          <TouchableOpacity
            accessibilityTraits="button"
            hitSlop={
              Object {
                "bottom": 15,
                "left": 15,
                "right": 15,
                "top": 15,
              }
            }
            onPress={[Function]}
            style={
              Object {
                "alignSelf": "flex-end",
                "paddingBottom": 2,
                "paddingRight": 2,
                "paddingTop": 2,
              }
            }
            testID="discussion.reply-btn"
            textAttributes={
              Object {
                "color": "#8B969E",
                "fontSize": 16,
                "fontWeight": "500",
              }
            }
          >
            <View>
              <Text
                accessible={true}
                allowFontScaling={true}
                ellipsizeMode="tail"
                style={
                  Array [
                    Object {
                      "fontFamily": ".SFUIDisplay",
                    },
                    Object {
                      "color": "#2D3B45",
                      "fontSize": 16,
                    },
                    Array [
                      Object {
                        "color": "#374A59",
                        "fontSize": 14,
                      },
                      Object {
                        "fontFamily": ".SFUIDisplay-bold",
                      },
                      Object {
                        "color": "#374A59",
                      },
                      Object {
                        "color": "#8B969E",
                        "fontSize": 16,
                        "fontWeight": "500",
                      },
                    ],
                    Object {
                      "fontFamily": ".SFUIDisplay-medium",
                    },
                  ]
                }
              >
                Reply
              </Text>
            </View>
          </TouchableOpacity>
          <Text
            accessible={false}
            allowFontScaling={true}
            ellipsizeMode="tail"
            style={
              Array [
                Object {
                  "fontFamily": ".SFUIDisplay",
                },
                Object {
                  "color": "#2D3B45",
                  "fontSize": 16,
                },
                Array [
                  Object {
                    "alignSelf": "flex-end",
                    "paddingBottom": 2,
                    "paddingRight": 2,
                    "paddingTop": 2,
                  },
                  Object {
                    "alignSelf": "center",
                    "color": "#C7CDD1",
                    "paddingLeft": 10,
                    "paddingRight": 10,
                    "textAlign": "center",
                  },
                ],
                Object {
                  "fontFamily": ".SFUIDisplay",
                },
              ]
            }
          >
            |
          </Text>
          <TouchableOpacity
            accessibilityTraits="button"
            hitSlop={
              Object {
                "bottom": 15,
                "left": 15,
                "right": 15,
                "top": 15,
              }
            }
            onPress={[Function]}
            style={
              Object {
                "alignSelf": "flex-end",
                "paddingBottom": 2,
                "paddingRight": 2,
                "paddingTop": 2,
              }
            }
            testID="discussion.edit-btn"
            textAttributes={
              Object {
                "color": "#8B969E",
                "fontSize": 16,
                "fontWeight": "500",
              }
            }
          >
            <View>
              <Text
                accessible={true}
                allowFontScaling={true}
                ellipsizeMode="tail"
                style={
                  Array [
                    Object {
                      "fontFamily": ".SFUIDisplay",
                    },
                    Object {
                      "color": "#2D3B45",
                      "fontSize": 16,
                    },
                    Array [
                      Object {
                        "color": "#374A59",
                        "fontSize": 14,
                      },
                      Object {
                        "fontFamily": ".SFUIDisplay-bold",
                      },
                      Object {
                        "color": "#374A59",
                      },
                      Object {
                        "color": "#8B969E",
                        "fontSize": 16,
                        "fontWeight": "500",
                      },
                    ],
                    Object {
                      "fontFamily": ".SFUIDisplay-medium",
                    },
                  ]
                }
              >
                Edit
              </Text>
            </View>
          </TouchableOpacity>
        </View>
        <View
          style={
            Object {
              "alignItems": "center",
              "flex": 1,
              "flexDirection": "row",
              "justifyContent": "flex-end",
            }
          }
        >
          <Text
            accessible={true}
            allowFontScaling={true}
            ellipsizeMode="tail"
            style={
              Array [
                Object {
                  "fontFamily": ".SFUIDisplay",
                },
                Object {
                  "color": "#2D3B45",
                  "fontSize": 16,
                },
                Array [
                  Object {
                    "color": "#8B969E",
                    "fontSize": 16,
                    "fontWeight": "500",
                  },
                  Object {
                    "color": "#8B969E",
                    "marginRight": 6,
                  },
                ],
                Object {
                  "fontFamily": ".SFUIDisplay-medium",
                },
              ]
            }
            testID="discussion.reply.rating-count"
          >
            (
            2
            )
          </Text>
          <TouchableOpacity
            onPress={[Function]}
            testID="discussion.reply.rate-btn"
          >
            <Image
              source={
                Object {
                  "testUri": "../../../src/images/discussions/Like.png",
                }
              }
              style={
                Array [
                  Object {
                    "tintColor": "#8B969E",
                  },
                  Object {
                    "tintColor": "#8B969E",
                  },
                ]
              }
            />
          </TouchableOpacity>
        </View>
      </View>
      <View />
    </View>
  </View>
</View>
`;

exports[`DiscussionReplies ratings renders rating after user rates for first time 1`] = `
<View
  style={
    Object {
      "flex": 1,
      "flexDirection": "row",
    }
  }
>
  <ThreadedLinesView
    avatarSize={24}
    depth={0}
    marginRight={8}
    reply={
      Object {
        "created_at": "2017-05-23T17:12:04Z",
        "id": "1",
        "message": "<p>1.0</p>",
        "parent_id": null,
        "rating_count": null,
        "rating_sum": 2,
        "replies": Array [],
        "updated_at": "2017-05-23T17:12:04Z",
        "user_id": "1",
      }
    }
  />
  <View
    style={
      Object {
        "alignItems": "center",
        "flexDirection": "column",
        "justifyContent": "flex-start",
        "marginRight": 8,
        "marginTop": 10,
        "paddingTop": 6,
      }
    }
  >
    <View />
    <Avatar
      avatarURL="http://www.fillmurray.com/100/100"
      height={24}
      key="1"
      onPress={[Function]}
      style={
        Object {
          "backgroundColor": "#f5f5f5",
          "borderRadius": 12,
          "height": 24,
          "marginTop": 12.8,
          "width": 24,
        }
      }
      testID="reply.avatar"
      userName="The Donald"
    />
    <View
      style={
        Object {
          "backgroundColor": "#f5f5f5",
          "flex": 1,
          "width": 1,
        }
      }
    />
  </View>
  <View
    style={
      Object {
        "flex": 1,
      }
    }
  >
    <View
      style={
        Object {
          "alignSelf": "stretch",
          "marginTop": 12.8,
        }
      }
    >
      <Text
        accessibilityTraits="none"
        style={
          Object {
            "fontSize": 14,
            "fontWeight": "600",
          }
        }
      >
        The Donald
      </Text>
      <Text
        style={
          Object {
            "color": "#8B969E",
            "fontSize": 12,
            "marginBottom": 16,
          }
        }
      >
        May 23 at 11:12 AM
      </Text>
      <CanvasWebView
        html="<p>1.0</p>"
        navigator={
          Object {
            "dismiss": [Function],
            "dismissAllModals": [Function],
            "isModal": false,
            "pop": [Function],
            "show": [Function],
            "traitCollection": [Function],
          }
        }
        scrollEnabled={false}
        style={
          Object {
            "flex": 1,
          }
        }
      />
      <View
        style={
          Object {
            "flex": 1,
            "flexDirection": "row",
            "marginTop": 16,
          }
        }
      >
        <View
          style={
            Object {
              "flex": 1,
              "flexDirection": "row",
              "justifyContent": "flex-start",
            }
          }
        >
          <LinkButton
            onPress={[Function]}
            style={
              Object {
                "alignSelf": "flex-end",
                "paddingBottom": 2,
                "paddingRight": 2,
                "paddingTop": 2,
              }
            }
            testID="discussion.reply-btn"
            textAttributes={
              Object {
                "color": "#8B969E",
                "fontSize": 16,
                "fontWeight": "500",
              }
            }
          >
            Reply
          </LinkButton>
          <Text
            accessible={false}
            style={
              Array [
                Object {
                  "alignSelf": "flex-end",
                  "paddingBottom": 2,
                  "paddingRight": 2,
                  "paddingTop": 2,
                },
                Object {
                  "alignSelf": "center",
                  "color": "#C7CDD1",
                  "paddingLeft": 10,
                  "paddingRight": 10,
                  "textAlign": "center",
                },
              ]
            }
          >
            |
          </Text>
          <LinkButton
            onPress={[Function]}
            style={
              Object {
                "alignSelf": "flex-end",
                "paddingBottom": 2,
                "paddingRight": 2,
                "paddingTop": 2,
              }
            }
            testID="discussion.edit-btn"
            textAttributes={
              Object {
                "color": "#8B969E",
                "fontSize": 16,
                "fontWeight": "500",
              }
            }
          >
            Edit
          </LinkButton>
        </View>
        <View
          style={
            Object {
              "alignItems": "center",
              "flex": 1,
              "flexDirection": "row",
              "justifyContent": "flex-end",
            }
          }
        >
          <Text
            style={
              Array [
                Object {
                  "color": "#8B969E",
                  "fontSize": 16,
                  "fontWeight": "500",
                },
                Object {
                  "color": "#374A59",
                  "marginRight": 6,
                },
              ]
            }
            testID="discussion.reply.rating-count"
          >
            (
            3
            )
          </Text>
          <TouchableOpacity
            onPress={[Function]}
            testID="discussion.reply.rate-btn"
          >
            <Image
              source={
                Object {
                  "testUri": "../../../src/images/discussions/Liked.png",
                }
              }
              style={
                Array [
                  Object {
                    "tintColor": "#8B969E",
                  },
                  Object {
                    "tintColor": "#374A59",
                  },
                ]
              }
            />
          </TouchableOpacity>
        </View>
      </View>
      <View />
    </View>
  </View>
</View>
`;

exports[`DiscussionReplies ratings renders rating after user updates rating 1`] = `
<View
  style={
    Object {
      "flex": 1,
      "flexDirection": "row",
    }
  }
>
  <ThreadedLinesView
    avatarSize={24}
    depth={0}
    marginRight={8}
    reply={
      Object {
        "created_at": "2017-05-23T17:12:04Z",
        "id": "1",
        "message": "<p>1.0</p>",
        "parent_id": null,
        "rating_count": null,
        "rating_sum": 2,
        "replies": Array [],
        "updated_at": "2017-05-23T17:12:04Z",
        "user_id": "1",
      }
    }
  />
  <View
    style={
      Object {
        "alignItems": "center",
        "flexDirection": "column",
        "justifyContent": "flex-start",
        "marginRight": 8,
        "marginTop": 10,
        "paddingTop": 6,
      }
    }
  >
    <View />
    <Avatar
      avatarURL="http://www.fillmurray.com/100/100"
      height={24}
      key="1"
      onPress={[Function]}
      style={
        Object {
          "backgroundColor": "#f5f5f5",
          "borderRadius": 12,
          "height": 24,
          "marginTop": 12.8,
          "width": 24,
        }
      }
      testID="reply.avatar"
      userName="The Donald"
    />
    <View
      style={
        Object {
          "backgroundColor": "#f5f5f5",
          "flex": 1,
          "width": 1,
        }
      }
    />
  </View>
  <View
    style={
      Object {
        "flex": 1,
      }
    }
  >
    <View
      style={
        Object {
          "alignSelf": "stretch",
          "marginTop": 12.8,
        }
      }
    >
      <Text
        accessibilityTraits="none"
        style={
          Object {
            "fontSize": 14,
            "fontWeight": "600",
          }
        }
      >
        The Donald
      </Text>
      <Text
        style={
          Object {
            "color": "#8B969E",
            "fontSize": 12,
            "marginBottom": 16,
          }
        }
      >
        May 23 at 11:12 AM
      </Text>
      <CanvasWebView
        html="<p>1.0</p>"
        navigator={
          Object {
            "dismiss": [Function],
            "dismissAllModals": [Function],
            "isModal": false,
            "pop": [Function],
            "show": [Function],
            "traitCollection": [Function],
          }
        }
        scrollEnabled={false}
        style={
          Object {
            "flex": 1,
          }
        }
      />
      <View
        style={
          Object {
            "flex": 1,
            "flexDirection": "row",
            "marginTop": 16,
          }
        }
      >
        <View
          style={
            Object {
              "flex": 1,
              "flexDirection": "row",
              "justifyContent": "flex-start",
            }
          }
        >
          <LinkButton
            onPress={[Function]}
            style={
              Object {
                "alignSelf": "flex-end",
                "paddingBottom": 2,
                "paddingRight": 2,
                "paddingTop": 2,
              }
            }
            testID="discussion.reply-btn"
            textAttributes={
              Object {
                "color": "#8B969E",
                "fontSize": 16,
                "fontWeight": "500",
              }
            }
          >
            Reply
          </LinkButton>
          <Text
            accessible={false}
            style={
              Array [
                Object {
                  "alignSelf": "flex-end",
                  "paddingBottom": 2,
                  "paddingRight": 2,
                  "paddingTop": 2,
                },
                Object {
                  "alignSelf": "center",
                  "color": "#C7CDD1",
                  "paddingLeft": 10,
                  "paddingRight": 10,
                  "textAlign": "center",
                },
              ]
            }
          >
            |
          </Text>
          <LinkButton
            onPress={[Function]}
            style={
              Object {
                "alignSelf": "flex-end",
                "paddingBottom": 2,
                "paddingRight": 2,
                "paddingTop": 2,
              }
            }
            testID="discussion.edit-btn"
            textAttributes={
              Object {
                "color": "#8B969E",
                "fontSize": 16,
                "fontWeight": "500",
              }
            }
          >
            Edit
          </LinkButton>
        </View>
        <View
          style={
            Object {
              "alignItems": "center",
              "flex": 1,
              "flexDirection": "row",
              "justifyContent": "flex-end",
            }
          }
        >
          <Text
            style={
              Array [
                Object {
                  "color": "#8B969E",
                  "fontSize": 16,
                  "fontWeight": "500",
                },
                Object {
                  "color": "#8B969E",
                  "marginRight": 6,
                },
              ]
            }
            testID="discussion.reply.rating-count"
          >
            (
            1
            )
          </Text>
          <TouchableOpacity
            onPress={[Function]}
            testID="discussion.reply.rate-btn"
          >
            <Image
              source={
                Object {
                  "testUri": "../../../src/images/discussions/Like.png",
                }
              }
              style={
                Array [
                  Object {
                    "tintColor": "#8B969E",
                  },
                  Object {
                    "tintColor": "#8B969E",
                  },
                ]
              }
            />
          </TouchableOpacity>
        </View>
      </View>
      <View />
    </View>
  </View>
</View>
`;

exports[`DiscussionReplies ratings renders rating when user cant rate 1`] = `
<View
  style={
    Object {
      "flex": 1,
      "flexDirection": "row",
    }
  }
>
  <View />
  <View
    style={
      Object {
        "alignItems": "center",
        "flexDirection": "column",
        "justifyContent": "flex-start",
        "marginRight": 8,
        "marginTop": 10,
        "paddingTop": 6,
      }
    }
  >
    <View />
    <Avatar
      avatarURL="http://www.fillmurray.com/100/100"
      height={24}
      onPress={[Function]}
      style={
        Object {
          "backgroundColor": "#f5f5f5",
          "borderRadius": 12,
          "height": 24,
          "marginTop": 12.8,
          "width": 24,
        }
      }
      testID="reply.avatar"
      userName="The Donald"
    />
    <View
      style={
        Object {
          "backgroundColor": "#f5f5f5",
          "flex": 1,
          "width": 1,
        }
      }
    />
  </View>
  <View
    style={
      Object {
        "flex": 1,
      }
    }
  >
    <View
      style={
        Object {
          "alignSelf": "stretch",
          "marginTop": 12.8,
        }
      }
    >
      <Text
        accessibilityTraits="none"
        accessible={true}
        allowFontScaling={true}
        ellipsizeMode="tail"
        style={
          Array [
            Object {
              "fontFamily": ".SFUIDisplay",
            },
            Object {
              "color": "#2D3B45",
              "fontSize": 16,
            },
            Object {
              "fontSize": 14,
              "fontWeight": "600",
            },
            Object {
              "fontFamily": ".SFUIDisplay-semibold",
            },
          ]
        }
      >
        The Donald
      </Text>
      <Text
        accessible={true}
        allowFontScaling={true}
        ellipsizeMode="tail"
        style={
          Array [
            Object {
              "fontFamily": ".SFUIDisplay",
            },
            Object {
              "color": "#2D3B45",
              "fontSize": 16,
            },
            Object {
              "color": "#8B969E",
              "fontSize": 12,
              "marginBottom": 16,
            },
            Object {
              "fontFamily": ".SFUIDisplay",
            },
          ]
        }
      >
        May 23 at 11:12 AM
      </Text>
      <View
        style={
          Object {
            "flex": 1,
          }
        }
        testID="web-container.view"
      >
        <CanvasWebView
          automaticallyAdjustContentInsets={undefined}
          contentInset={undefined}
          navigator={
            Object {
              "dismiss": [Function],
              "dismissAllModals": [Function],
              "isModal": false,
              "pop": [Function],
              "show": [Function],
              "traitCollection": [Function],
            }
          }
          onError={[Function]}
          onFinishedLoading={[Function]}
          onMessage={[Function]}
          onNavigation={[Function]}
          scrollEnabled={false}
          source={
            Object {
              "html": "<p>1.0</p>",
            }
          }
          style={
            Object {
              "flex": 1,
            }
          }
        />
      </View>
      <View
        style={
          Object {
            "flex": 1,
            "flexDirection": "row",
            "marginTop": 16,
          }
        }
      >
        <View
          style={
            Object {
              "flex": 1,
              "flexDirection": "row",
              "justifyContent": "flex-start",
            }
          }
        >
          <TouchableOpacity
            accessibilityTraits="button"
            hitSlop={
              Object {
                "bottom": 15,
                "left": 15,
                "right": 15,
                "top": 15,
              }
            }
            onPress={[Function]}
            style={
              Object {
                "alignSelf": "flex-end",
                "paddingBottom": 2,
                "paddingRight": 2,
                "paddingTop": 2,
              }
            }
            testID="discussion.reply-btn"
            textAttributes={
              Object {
                "color": "#8B969E",
                "fontSize": 16,
                "fontWeight": "500",
              }
            }
          >
            <View>
              <Text
                accessible={true}
                allowFontScaling={true}
                ellipsizeMode="tail"
                style={
                  Array [
                    Object {
                      "fontFamily": ".SFUIDisplay",
                    },
                    Object {
                      "color": "#2D3B45",
                      "fontSize": 16,
                    },
                    Array [
                      Object {
                        "color": "#374A59",
                        "fontSize": 14,
                      },
                      Object {
                        "fontFamily": ".SFUIDisplay-bold",
                      },
                      Object {
                        "color": "#374A59",
                      },
                      Object {
                        "color": "#8B969E",
                        "fontSize": 16,
                        "fontWeight": "500",
                      },
                    ],
                    Object {
                      "fontFamily": ".SFUIDisplay-medium",
                    },
                  ]
                }
              >
                Reply
              </Text>
            </View>
          </TouchableOpacity>
          <Text
            accessible={false}
            allowFontScaling={true}
            ellipsizeMode="tail"
            style={
              Array [
                Object {
                  "fontFamily": ".SFUIDisplay",
                },
                Object {
                  "color": "#2D3B45",
                  "fontSize": 16,
                },
                Array [
                  Object {
                    "alignSelf": "flex-end",
                    "paddingBottom": 2,
                    "paddingRight": 2,
                    "paddingTop": 2,
                  },
                  Object {
                    "alignSelf": "center",
                    "color": "#C7CDD1",
                    "paddingLeft": 10,
                    "paddingRight": 10,
                    "textAlign": "center",
                  },
                ],
                Object {
                  "fontFamily": ".SFUIDisplay",
                },
              ]
            }
          >
            |
          </Text>
          <TouchableOpacity
            accessibilityTraits="button"
            hitSlop={
              Object {
                "bottom": 15,
                "left": 15,
                "right": 15,
                "top": 15,
              }
            }
            onPress={[Function]}
            style={
              Object {
                "alignSelf": "flex-end",
                "paddingBottom": 2,
                "paddingRight": 2,
                "paddingTop": 2,
              }
            }
            testID="discussion.edit-btn"
            textAttributes={
              Object {
                "color": "#8B969E",
                "fontSize": 16,
                "fontWeight": "500",
              }
            }
          >
            <View>
              <Text
                accessible={true}
                allowFontScaling={true}
                ellipsizeMode="tail"
                style={
                  Array [
                    Object {
                      "fontFamily": ".SFUIDisplay",
                    },
                    Object {
                      "color": "#2D3B45",
                      "fontSize": 16,
                    },
                    Array [
                      Object {
                        "color": "#374A59",
                        "fontSize": 14,
                      },
                      Object {
                        "fontFamily": ".SFUIDisplay-bold",
                      },
                      Object {
                        "color": "#374A59",
                      },
                      Object {
                        "color": "#8B969E",
                        "fontSize": 16,
                        "fontWeight": "500",
                      },
                    ],
                    Object {
                      "fontFamily": ".SFUIDisplay-medium",
                    },
                  ]
                }
              >
                Edit
              </Text>
            </View>
          </TouchableOpacity>
        </View>
        <View
          style={
            Object {
              "alignItems": "center",
              "flex": 1,
              "flexDirection": "row",
              "justifyContent": "flex-end",
            }
          }
        >
          <Text
            accessible={true}
            allowFontScaling={true}
            ellipsizeMode="tail"
            style={
              Array [
                Object {
                  "fontFamily": ".SFUIDisplay",
                },
                Object {
                  "color": "#2D3B45",
                  "fontSize": 16,
                },
                Array [
                  Object {
                    "color": "#8B969E",
                    "fontSize": 16,
                    "fontWeight": "500",
                  },
                  Object {
                    "color": "#8B969E",
                    "marginRight": 6,
                  },
                ],
                Object {
                  "fontFamily": ".SFUIDisplay-medium",
                },
              ]
            }
            testID="discussion.reply.rating-count"
          >
            (
            2 likes
            )
          </Text>
        </View>
      </View>
      <View />
    </View>
  </View>
</View>
`;

exports[`DiscussionReplies ratings renders user rating 1`] = `
<View
  style={
    Object {
      "flex": 1,
      "flexDirection": "row",
    }
  }
>
  <View />
  <View
    style={
      Object {
        "alignItems": "center",
        "flexDirection": "column",
        "justifyContent": "flex-start",
        "marginRight": 8,
        "marginTop": 10,
        "paddingTop": 6,
      }
    }
  >
    <View />
    <Avatar
      avatarURL="http://www.fillmurray.com/100/100"
      height={24}
      onPress={[Function]}
      style={
        Object {
          "backgroundColor": "#f5f5f5",
          "borderRadius": 12,
          "height": 24,
          "marginTop": 12.8,
          "width": 24,
        }
      }
      testID="reply.avatar"
      userName="The Donald"
    />
    <View
      style={
        Object {
          "backgroundColor": "#f5f5f5",
          "flex": 1,
          "width": 1,
        }
      }
    />
  </View>
  <View
    style={
      Object {
        "flex": 1,
      }
    }
  >
    <View
      style={
        Object {
          "alignSelf": "stretch",
          "marginTop": 12.8,
        }
      }
    >
      <Text
        accessibilityTraits="none"
        accessible={true}
        allowFontScaling={true}
        ellipsizeMode="tail"
        style={
          Array [
            Object {
              "fontFamily": ".SFUIDisplay",
            },
            Object {
              "color": "#2D3B45",
              "fontSize": 16,
            },
            Object {
              "fontSize": 14,
              "fontWeight": "600",
            },
            Object {
              "fontFamily": ".SFUIDisplay-semibold",
            },
          ]
        }
      >
        The Donald
      </Text>
      <Text
        accessible={true}
        allowFontScaling={true}
        ellipsizeMode="tail"
        style={
          Array [
            Object {
              "fontFamily": ".SFUIDisplay",
            },
            Object {
              "color": "#2D3B45",
              "fontSize": 16,
            },
            Object {
              "color": "#8B969E",
              "fontSize": 12,
              "marginBottom": 16,
            },
            Object {
              "fontFamily": ".SFUIDisplay",
            },
          ]
        }
      >
        May 23 at 11:12 AM
      </Text>
      <View
        style={
          Object {
            "flex": 1,
          }
        }
        testID="web-container.view"
      >
        <CanvasWebView
          automaticallyAdjustContentInsets={undefined}
          contentInset={undefined}
          navigator={
            Object {
              "dismiss": [Function],
              "dismissAllModals": [Function],
              "isModal": false,
              "pop": [Function],
              "show": [Function],
              "traitCollection": [Function],
            }
          }
          onError={[Function]}
          onFinishedLoading={[Function]}
          onMessage={[Function]}
          onNavigation={[Function]}
          scrollEnabled={false}
          source={
            Object {
              "html": "<p>1.0</p>",
            }
          }
          style={
            Object {
              "flex": 1,
            }
          }
        />
      </View>
      <View
        style={
          Object {
            "flex": 1,
            "flexDirection": "row",
            "marginTop": 16,
          }
        }
      >
        <View
          style={
            Object {
              "flex": 1,
              "flexDirection": "row",
              "justifyContent": "flex-start",
            }
          }
        >
          <TouchableOpacity
            accessibilityTraits="button"
            hitSlop={
              Object {
                "bottom": 15,
                "left": 15,
                "right": 15,
                "top": 15,
              }
            }
            onPress={[Function]}
            style={
              Object {
                "alignSelf": "flex-end",
                "paddingBottom": 2,
                "paddingRight": 2,
                "paddingTop": 2,
              }
            }
            testID="discussion.reply-btn"
            textAttributes={
              Object {
                "color": "#8B969E",
                "fontSize": 16,
                "fontWeight": "500",
              }
            }
          >
            <View>
              <Text
                accessible={true}
                allowFontScaling={true}
                ellipsizeMode="tail"
                style={
                  Array [
                    Object {
                      "fontFamily": ".SFUIDisplay",
                    },
                    Object {
                      "color": "#2D3B45",
                      "fontSize": 16,
                    },
                    Array [
                      Object {
                        "color": "#374A59",
                        "fontSize": 14,
                      },
                      Object {
                        "fontFamily": ".SFUIDisplay-bold",
                      },
                      Object {
                        "color": "#374A59",
                      },
                      Object {
                        "color": "#8B969E",
                        "fontSize": 16,
                        "fontWeight": "500",
                      },
                    ],
                    Object {
                      "fontFamily": ".SFUIDisplay-medium",
                    },
                  ]
                }
              >
                Reply
              </Text>
            </View>
          </TouchableOpacity>
          <Text
            accessible={false}
            allowFontScaling={true}
            ellipsizeMode="tail"
            style={
              Array [
                Object {
                  "fontFamily": ".SFUIDisplay",
                },
                Object {
                  "color": "#2D3B45",
                  "fontSize": 16,
                },
                Array [
                  Object {
                    "alignSelf": "flex-end",
                    "paddingBottom": 2,
                    "paddingRight": 2,
                    "paddingTop": 2,
                  },
                  Object {
                    "alignSelf": "center",
                    "color": "#C7CDD1",
                    "paddingLeft": 10,
                    "paddingRight": 10,
                    "textAlign": "center",
                  },
                ],
                Object {
                  "fontFamily": ".SFUIDisplay",
                },
              ]
            }
          >
            |
          </Text>
          <TouchableOpacity
            accessibilityTraits="button"
            hitSlop={
              Object {
                "bottom": 15,
                "left": 15,
                "right": 15,
                "top": 15,
              }
            }
            onPress={[Function]}
            style={
              Object {
                "alignSelf": "flex-end",
                "paddingBottom": 2,
                "paddingRight": 2,
                "paddingTop": 2,
              }
            }
            testID="discussion.edit-btn"
            textAttributes={
              Object {
                "color": "#8B969E",
                "fontSize": 16,
                "fontWeight": "500",
              }
            }
          >
            <View>
              <Text
                accessible={true}
                allowFontScaling={true}
                ellipsizeMode="tail"
                style={
                  Array [
                    Object {
                      "fontFamily": ".SFUIDisplay",
                    },
                    Object {
                      "color": "#2D3B45",
                      "fontSize": 16,
                    },
                    Array [
                      Object {
                        "color": "#374A59",
                        "fontSize": 14,
                      },
                      Object {
                        "fontFamily": ".SFUIDisplay-bold",
                      },
                      Object {
                        "color": "#374A59",
                      },
                      Object {
                        "color": "#8B969E",
                        "fontSize": 16,
                        "fontWeight": "500",
                      },
                    ],
                    Object {
                      "fontFamily": ".SFUIDisplay-medium",
                    },
                  ]
                }
              >
                Edit
              </Text>
            </View>
          </TouchableOpacity>
        </View>
        <View
          style={
            Object {
              "alignItems": "center",
              "flex": 1,
              "flexDirection": "row",
              "justifyContent": "flex-end",
            }
          }
        >
          <Text
            accessible={true}
            allowFontScaling={true}
            ellipsizeMode="tail"
            style={
              Array [
                Object {
                  "fontFamily": ".SFUIDisplay",
                },
                Object {
                  "color": "#2D3B45",
                  "fontSize": 16,
                },
                Array [
                  Object {
                    "color": "#8B969E",
                    "fontSize": 16,
                    "fontWeight": "500",
                  },
                  Object {
                    "color": "#374A59",
                    "marginRight": 6,
                  },
                ],
                Object {
                  "fontFamily": ".SFUIDisplay-medium",
                },
              ]
            }
            testID="discussion.reply.rating-count"
          >
            (
            2
            )
          </Text>
          <TouchableOpacity
            onPress={[Function]}
            testID="discussion.reply.rate-btn"
          >
            <Image
              source={
                Object {
                  "testUri": "../../../src/images/discussions/Liked.png",
                }
              }
              style={
                Array [
                  Object {
                    "tintColor": "#8B969E",
                  },
                  Object {
                    "tintColor": "#374A59",
                  },
                ]
              }
            />
          </TouchableOpacity>
        </View>
      </View>
      <View />
    </View>
  </View>
</View>
`;

exports[`DiscussionReplies renders 1`] = `
<View
  style={
    Object {
      "flex": 1,
      "flexDirection": "row",
    }
  }
>
  <View />
  <View
    style={
      Object {
        "alignItems": "center",
        "flexDirection": "column",
        "justifyContent": "flex-start",
        "marginRight": 8,
        "marginTop": 10,
        "paddingTop": 6,
      }
    }
  >
    <View />
    <Avatar
      avatarURL="http://www.fillmurray.com/100/100"
      height={24}
      onPress={[Function]}
      style={
        Object {
          "backgroundColor": "#f5f5f5",
          "borderRadius": 12,
          "height": 24,
          "marginTop": 12.8,
          "width": 24,
        }
      }
      testID="reply.avatar"
      userName="The Donald"
    />
    <View
      style={
        Object {
          "backgroundColor": "#f5f5f5",
          "flex": 1,
          "width": 1,
        }
      }
    />
  </View>
  <View
    style={
      Object {
        "flex": 1,
      }
    }
  >
    <View
      style={
        Object {
          "alignSelf": "stretch",
          "marginTop": 12.8,
        }
      }
    >
      <Text
        accessibilityTraits="none"
        accessible={true}
        allowFontScaling={true}
        ellipsizeMode="tail"
        style={
          Array [
            Object {
              "fontFamily": ".SFUIDisplay",
            },
            Object {
              "color": "#2D3B45",
              "fontSize": 16,
            },
            Object {
              "fontSize": 14,
              "fontWeight": "600",
            },
            Object {
              "fontFamily": ".SFUIDisplay-semibold",
            },
          ]
        }
      >
        The Donald
      </Text>
      <Text
        accessible={true}
        allowFontScaling={true}
        ellipsizeMode="tail"
        style={
          Array [
            Object {
              "fontFamily": ".SFUIDisplay",
            },
            Object {
              "color": "#2D3B45",
              "fontSize": 16,
            },
            Object {
              "color": "#8B969E",
              "fontSize": 12,
              "marginBottom": 16,
            },
            Object {
              "fontFamily": ".SFUIDisplay",
            },
          ]
        }
      >
        May 23 at 11:12 AM
      </Text>
      <View
        style={
          Object {
            "flex": 1,
          }
        }
        testID="web-container.view"
      >
        <CanvasWebView
          automaticallyAdjustContentInsets={undefined}
          contentInset={undefined}
          navigator={
            Object {
              "dismiss": [Function],
              "dismissAllModals": [Function],
              "isModal": false,
              "pop": [Function],
              "show": [Function],
              "traitCollection": [Function],
            }
          }
          onError={[Function]}
          onFinishedLoading={[Function]}
          onMessage={[Function]}
          onNavigation={[Function]}
          scrollEnabled={false}
          source={
            Object {
              "html": "<p>1.0</p>",
            }
          }
          style={
            Object {
              "flex": 1,
            }
          }
        />
      </View>
      <View
        style={
          Object {
            "flex": 1,
            "flexDirection": "row",
            "marginTop": 16,
          }
        }
      >
        <View
          style={
            Object {
              "flex": 1,
              "flexDirection": "row",
              "justifyContent": "flex-start",
            }
          }
        >
          <TouchableOpacity
            accessibilityTraits="button"
            hitSlop={
              Object {
                "bottom": 15,
                "left": 15,
                "right": 15,
                "top": 15,
              }
            }
            onPress={[Function]}
            style={
              Object {
                "alignSelf": "flex-end",
                "paddingBottom": 2,
                "paddingRight": 2,
                "paddingTop": 2,
              }
            }
            testID="discussion.reply-btn"
            textAttributes={
              Object {
                "color": "#8B969E",
                "fontSize": 16,
                "fontWeight": "500",
              }
            }
          >
            <View>
              <Text
                accessible={true}
                allowFontScaling={true}
                ellipsizeMode="tail"
                style={
                  Array [
                    Object {
                      "fontFamily": ".SFUIDisplay",
                    },
                    Object {
                      "color": "#2D3B45",
                      "fontSize": 16,
                    },
                    Array [
                      Object {
                        "color": "#374A59",
                        "fontSize": 14,
                      },
                      Object {
                        "fontFamily": ".SFUIDisplay-bold",
                      },
                      Object {
                        "color": "#374A59",
                      },
                      Object {
                        "color": "#8B969E",
                        "fontSize": 16,
                        "fontWeight": "500",
                      },
                    ],
                    Object {
                      "fontFamily": ".SFUIDisplay-medium",
                    },
                  ]
                }
              >
                Reply
              </Text>
            </View>
          </TouchableOpacity>
          <Text
            accessible={false}
            allowFontScaling={true}
            ellipsizeMode="tail"
            style={
              Array [
                Object {
                  "fontFamily": ".SFUIDisplay",
                },
                Object {
                  "color": "#2D3B45",
                  "fontSize": 16,
                },
                Array [
                  Object {
                    "alignSelf": "flex-end",
                    "paddingBottom": 2,
                    "paddingRight": 2,
                    "paddingTop": 2,
                  },
                  Object {
                    "alignSelf": "center",
                    "color": "#C7CDD1",
                    "paddingLeft": 10,
                    "paddingRight": 10,
                    "textAlign": "center",
                  },
                ],
                Object {
                  "fontFamily": ".SFUIDisplay",
                },
              ]
            }
          >
            |
          </Text>
          <TouchableOpacity
            accessibilityTraits="button"
            hitSlop={
              Object {
                "bottom": 15,
                "left": 15,
                "right": 15,
                "top": 15,
              }
            }
            onPress={[Function]}
            style={
              Object {
                "alignSelf": "flex-end",
                "paddingBottom": 2,
                "paddingRight": 2,
                "paddingTop": 2,
              }
            }
            testID="discussion.edit-btn"
            textAttributes={
              Object {
                "color": "#8B969E",
                "fontSize": 16,
                "fontWeight": "500",
              }
            }
          >
            <View>
              <Text
                accessible={true}
                allowFontScaling={true}
                ellipsizeMode="tail"
                style={
                  Array [
                    Object {
                      "fontFamily": ".SFUIDisplay",
                    },
                    Object {
                      "color": "#2D3B45",
                      "fontSize": 16,
                    },
                    Array [
                      Object {
                        "color": "#374A59",
                        "fontSize": 14,
                      },
                      Object {
                        "fontFamily": ".SFUIDisplay-bold",
                      },
                      Object {
                        "color": "#374A59",
                      },
                      Object {
                        "color": "#8B969E",
                        "fontSize": 16,
                        "fontWeight": "500",
                      },
                    ],
                    Object {
                      "fontFamily": ".SFUIDisplay-medium",
                    },
                  ]
                }
              >
                Edit
              </Text>
            </View>
          </TouchableOpacity>
        </View>
      </View>
      <View />
    </View>
  </View>
</View>
`;

exports[`DiscussionReplies renders deleted 1`] = `
<View
  style={
    Object {
      "flex": 1,
      "flexDirection": "row",
    }
  }
>
  <View />
  <View
    style={
      Object {
        "alignItems": "center",
        "flexDirection": "column",
        "justifyContent": "flex-start",
        "marginRight": 8,
        "marginTop": 10,
        "paddingTop": 6,
      }
    }
  >
    <View />
    <Avatar
      avatarURL="http://www.fillmurray.com/100/100"
      height={24}
      onPress={[Function]}
      style={
        Object {
          "backgroundColor": "#f5f5f5",
          "borderRadius": 12,
          "height": 24,
          "marginTop": 12.8,
          "width": 24,
        }
      }
      testID="reply.avatar"
      userName="The Donald"
    />
    <View
      style={
        Object {
          "backgroundColor": "#f5f5f5",
          "flex": 1,
          "width": 1,
        }
      }
    />
  </View>
  <View
    style={
      Object {
        "flex": 1,
      }
    }
  >
    <View
      style={
        Object {
          "alignSelf": "stretch",
          "marginTop": 12.8,
        }
      }
    >
      <Text
        accessibilityTraits="none"
        accessible={true}
        allowFontScaling={true}
        ellipsizeMode="tail"
        style={
          Array [
            Object {
              "fontFamily": ".SFUIDisplay",
            },
            Object {
              "color": "#2D3B45",
              "fontSize": 16,
            },
            Object {
              "fontSize": 14,
              "fontWeight": "600",
            },
            Object {
              "fontFamily": ".SFUIDisplay-semibold",
            },
          ]
        }
      >
        The Donald
      </Text>
      <Text
        accessible={true}
        allowFontScaling={true}
        ellipsizeMode="tail"
        style={
          Array [
            Object {
              "fontFamily": ".SFUIDisplay",
            },
            Object {
              "color": "#2D3B45",
              "fontSize": 16,
            },
            Object {
              "color": "#8B969E",
              "fontSize": 12,
              "marginBottom": 16,
            },
            Object {
              "fontFamily": ".SFUIDisplay",
            },
          ]
        }
      >
        May 23 at 11:12 AM
      </Text>
      <View
        style={
          Object {
            "flex": 1,
          }
        }
        testID="web-container.view"
      >
        <CanvasWebView
          automaticallyAdjustContentInsets={undefined}
          contentInset={undefined}
          navigator={
            Object {
              "dismiss": [Function],
              "dismissAllModals": [Function],
              "isModal": false,
              "pop": [Function],
              "show": [Function],
              "traitCollection": [Function],
            }
          }
          onError={[Function]}
          onFinishedLoading={[Function]}
          onMessage={[Function]}
          onNavigation={[Function]}
          scrollEnabled={false}
          source={
            Object {
              "html": "<i style=\\"color:#8B969E\\">Deleted this reply.</i>",
            }
          }
          style={
            Object {
              "flex": 1,
            }
          }
        />
      </View>
      <View
        style={
          Object {
            "marginTop": 16,
          }
        }
      />
      <View />
    </View>
  </View>
</View>
`;

exports[`DiscussionReplies renders more button with some deleted replies 1`] = `
<View
  style={
    Object {
      "flex": 1,
      "flexDirection": "row",
    }
  }
>
  <View
    style={
      Object {
        "flexDirection": "row",
        "width": 96,
      }
    }
  >
    <View
      style={
        Object {
          "alignItems": "center",
          "flexDirection": "column",
          "justifyContent": "flex-start",
          "marginRight": 8,
          "width": 24,
        }
      }
    >
      <View
        style={
          Object {
            "backgroundColor": "#f5f5f5",
            "flex": 1,
            "width": 1,
          }
        }
      />
    </View>
    <View
      style={
        Object {
          "alignItems": "center",
          "flexDirection": "column",
          "justifyContent": "flex-start",
          "marginRight": 8,
          "width": 24,
        }
      }
    >
      <View
        style={
          Object {
            "backgroundColor": "#f5f5f5",
            "flex": 1,
            "width": 1,
          }
        }
      />
    </View>
    <View
      style={
        Object {
          "alignItems": "center",
          "flexDirection": "column",
          "justifyContent": "flex-start",
          "marginRight": 8,
          "width": 24,
        }
      }
    >
      <View
        style={
          Object {
            "backgroundColor": "#f5f5f5",
            "flex": 1,
            "width": 1,
          }
        }
      />
    </View>
  </View>
  <View
    style={
      Object {
        "alignItems": "center",
        "flexDirection": "column",
        "justifyContent": "flex-start",
        "marginRight": 8,
        "marginTop": 10,
        "paddingTop": 6,
      }
    }
  >
    <View />
    <Avatar
      avatarURL="http://www.fillmurray.com/100/100"
      height={24}
      onPress={[Function]}
      style={
        Object {
          "backgroundColor": "#f5f5f5",
          "borderRadius": 12,
          "height": 24,
          "marginTop": 12.8,
          "width": 24,
        }
      }
      testID="reply.avatar"
      userName="The Donald"
    />
    <View
      style={
        Object {
          "backgroundColor": "#f5f5f5",
          "flex": 1,
          "width": 1,
        }
      }
    />
  </View>
  <View
    style={
      Object {
        "flex": 1,
      }
    }
  >
    <View
      style={
        Object {
          "alignSelf": "stretch",
          "marginTop": 12.8,
        }
      }
    >
      <Text
        accessibilityTraits="none"
        accessible={true}
        allowFontScaling={true}
        ellipsizeMode="tail"
        style={
          Array [
            Object {
              "fontFamily": ".SFUIDisplay",
            },
            Object {
              "color": "#2D3B45",
              "fontSize": 16,
            },
            Object {
              "fontSize": 14,
              "fontWeight": "600",
            },
            Object {
              "fontFamily": ".SFUIDisplay-semibold",
            },
          ]
        }
      >
        The Donald
      </Text>
      <Text
        accessible={true}
        allowFontScaling={true}
        ellipsizeMode="tail"
        style={
          Array [
            Object {
              "fontFamily": ".SFUIDisplay",
            },
            Object {
              "color": "#2D3B45",
              "fontSize": 16,
            },
            Object {
              "color": "#8B969E",
              "fontSize": 12,
              "marginBottom": 16,
            },
            Object {
              "fontFamily": ".SFUIDisplay",
            },
          ]
        }
      >
        May 23 at 11:12 AM
      </Text>
      <View
        style={
          Object {
            "flex": 1,
          }
        }
        testID="web-container.view"
      >
        <CanvasWebView
          automaticallyAdjustContentInsets={undefined}
          contentInset={undefined}
          navigator={
            Object {
              "dismiss": [Function],
              "dismissAllModals": [Function],
              "isModal": false,
              "pop": [Function],
              "show": [Function],
              "traitCollection": [Function],
            }
          }
          onError={[Function]}
          onFinishedLoading={[Function]}
          onMessage={[Function]}
          onNavigation={[Function]}
          scrollEnabled={false}
          source={
            Object {
              "html": "<p>1.0</p>",
            }
          }
          style={
            Object {
              "flex": 1,
            }
          }
        />
      </View>
      <View
        style={
          Object {
            "flex": 1,
            "flexDirection": "row",
            "marginTop": 16,
          }
        }
      >
        <View
          style={
            Object {
              "flex": 1,
              "flexDirection": "row",
              "justifyContent": "flex-start",
            }
          }
        >
          <TouchableOpacity
            accessibilityTraits="button"
            hitSlop={
              Object {
                "bottom": 15,
                "left": 15,
                "right": 15,
                "top": 15,
              }
            }
            onPress={[Function]}
            style={
              Object {
                "alignSelf": "flex-end",
                "paddingBottom": 2,
                "paddingRight": 2,
                "paddingTop": 2,
              }
            }
            testID="discussion.reply-btn"
            textAttributes={
              Object {
                "color": "#8B969E",
                "fontSize": 16,
                "fontWeight": "500",
              }
            }
          >
            <View>
              <Text
                accessible={true}
                allowFontScaling={true}
                ellipsizeMode="tail"
                style={
                  Array [
                    Object {
                      "fontFamily": ".SFUIDisplay",
                    },
                    Object {
                      "color": "#2D3B45",
                      "fontSize": 16,
                    },
                    Array [
                      Object {
                        "color": "#374A59",
                        "fontSize": 14,
                      },
                      Object {
                        "fontFamily": ".SFUIDisplay-bold",
                      },
                      Object {
                        "color": "#374A59",
                      },
                      Object {
                        "color": "#8B969E",
                        "fontSize": 16,
                        "fontWeight": "500",
                      },
                    ],
                    Object {
                      "fontFamily": ".SFUIDisplay-medium",
                    },
                  ]
                }
              >
                Reply
              </Text>
            </View>
          </TouchableOpacity>
          <Text
            accessible={false}
            allowFontScaling={true}
            ellipsizeMode="tail"
            style={
              Array [
                Object {
                  "fontFamily": ".SFUIDisplay",
                },
                Object {
                  "color": "#2D3B45",
                  "fontSize": 16,
                },
                Array [
                  Object {
                    "alignSelf": "flex-end",
                    "paddingBottom": 2,
                    "paddingRight": 2,
                    "paddingTop": 2,
                  },
                  Object {
                    "alignSelf": "center",
                    "color": "#C7CDD1",
                    "paddingLeft": 10,
                    "paddingRight": 10,
                    "textAlign": "center",
                  },
                ],
                Object {
                  "fontFamily": ".SFUIDisplay",
                },
              ]
            }
          >
            |
          </Text>
          <TouchableOpacity
            accessibilityTraits="button"
            hitSlop={
              Object {
                "bottom": 15,
                "left": 15,
                "right": 15,
                "top": 15,
              }
            }
            onPress={[Function]}
            style={
              Object {
                "alignSelf": "flex-end",
                "paddingBottom": 2,
                "paddingRight": 2,
                "paddingTop": 2,
              }
            }
            testID="discussion.edit-btn"
            textAttributes={
              Object {
                "color": "#8B969E",
                "fontSize": 16,
                "fontWeight": "500",
              }
            }
          >
            <View>
              <Text
                accessible={true}
                allowFontScaling={true}
                ellipsizeMode="tail"
                style={
                  Array [
                    Object {
                      "fontFamily": ".SFUIDisplay",
                    },
                    Object {
                      "color": "#2D3B45",
                      "fontSize": 16,
                    },
                    Array [
                      Object {
                        "color": "#374A59",
                        "fontSize": 14,
                      },
                      Object {
                        "fontFamily": ".SFUIDisplay-bold",
                      },
                      Object {
                        "color": "#374A59",
                      },
                      Object {
                        "color": "#8B969E",
                        "fontSize": 16,
                        "fontWeight": "500",
                      },
                    ],
                    Object {
                      "fontFamily": ".SFUIDisplay-medium",
                    },
                  ]
                }
              >
                Edit
              </Text>
            </View>
          </TouchableOpacity>
        </View>
      </View>
      <View />
    </View>
  </View>
</View>
`;

exports[`DiscussionReplies renders with closed discussion as student 1`] = `
<View
  style={
    Object {
      "flex": 1,
      "flexDirection": "row",
    }
  }
>
  <View />
  <View
    style={
      Object {
        "alignItems": "center",
        "flexDirection": "column",
        "justifyContent": "flex-start",
        "marginRight": 8,
        "marginTop": 10,
        "paddingTop": 6,
      }
    }
  >
    <View />
    <Avatar
      avatarURL="http://www.fillmurray.com/100/100"
      height={24}
      onPress={[Function]}
      style={
        Object {
          "backgroundColor": "#f5f5f5",
          "borderRadius": 12,
          "height": 24,
          "marginTop": 12.8,
          "width": 24,
        }
      }
      testID="reply.avatar"
      userName="The Donald"
    />
    <View
      style={
        Object {
          "backgroundColor": "#f5f5f5",
          "flex": 1,
          "width": 1,
        }
      }
    />
  </View>
  <View
    style={
      Object {
        "flex": 1,
      }
    }
  >
    <View
      style={
        Object {
          "alignSelf": "stretch",
          "marginTop": 12.8,
        }
      }
    >
      <Text
        accessibilityTraits="none"
        accessible={true}
        allowFontScaling={true}
        ellipsizeMode="tail"
        style={
          Array [
            Object {
              "fontFamily": ".SFUIDisplay",
            },
            Object {
              "color": "#2D3B45",
              "fontSize": 16,
            },
            Object {
              "fontSize": 14,
              "fontWeight": "600",
            },
            Object {
              "fontFamily": ".SFUIDisplay-semibold",
            },
          ]
        }
      >
        The Donald
      </Text>
      <Text
        accessible={true}
        allowFontScaling={true}
        ellipsizeMode="tail"
        style={
          Array [
            Object {
              "fontFamily": ".SFUIDisplay",
            },
            Object {
              "color": "#2D3B45",
              "fontSize": 16,
            },
            Object {
              "color": "#8B969E",
              "fontSize": 12,
              "marginBottom": 16,
            },
            Object {
              "fontFamily": ".SFUIDisplay",
            },
          ]
        }
      >
        May 23 at 11:12 AM
      </Text>
      <View
        style={
          Object {
            "flex": 1,
          }
        }
        testID="web-container.view"
      >
        <CanvasWebView
          automaticallyAdjustContentInsets={undefined}
          contentInset={undefined}
          navigator={
            Object {
              "dismiss": [Function],
              "dismissAllModals": [Function],
              "isModal": false,
              "pop": [Function],
              "show": [Function],
              "traitCollection": [Function],
            }
          }
          onError={[Function]}
          onFinishedLoading={[Function]}
          onMessage={[Function]}
          onNavigation={[Function]}
          scrollEnabled={false}
          source={
            Object {
              "html": "<p>1.0</p>",
            }
          }
          style={
            Object {
              "flex": 1,
            }
          }
        />
      </View>
      <View />
    </View>
  </View>
</View>
`;

exports[`DiscussionReplies renders with no user 1`] = `
<View
  style={
    Object {
      "flex": 1,
      "flexDirection": "row",
    }
  }
>
  <View />
  <View
    style={
      Object {
        "alignItems": "center",
        "flexDirection": "column",
        "justifyContent": "flex-start",
        "marginRight": 8,
        "marginTop": 10,
        "paddingTop": 6,
      }
    }
  >
    <View />
    <Avatar
      avatarURL=""
      height={24}
      onPress={[Function]}
      style={
        Object {
          "backgroundColor": "#f5f5f5",
          "borderRadius": 12,
          "height": 24,
          "marginTop": 12.8,
          "width": 24,
        }
      }
      testID="reply.avatar"
      userName="?"
    />
    <View
      style={
        Object {
          "backgroundColor": "#f5f5f5",
          "flex": 1,
          "width": 1,
        }
      }
    />
  </View>
  <View
    style={
      Object {
        "flex": 1,
      }
    }
  >
    <View
      style={
        Object {
          "alignSelf": "stretch",
          "marginTop": 12.8,
        }
      }
    >
      <Text
        accessibilityTraits="none"
        accessible={true}
        allowFontScaling={true}
        ellipsizeMode="tail"
        style={
          Array [
            Object {
              "fontFamily": ".SFUIDisplay",
            },
            Object {
              "color": "#2D3B45",
              "fontSize": 16,
            },
            Object {
              "fontSize": 14,
              "fontWeight": "600",
            },
            Object {
              "fontFamily": ".SFUIDisplay-semibold",
            },
          ]
        }
      >
        Unknown Author
      </Text>
      <Text
        accessible={true}
        allowFontScaling={true}
        ellipsizeMode="tail"
        style={
          Array [
            Object {
              "fontFamily": ".SFUIDisplay",
            },
            Object {
              "color": "#2D3B45",
              "fontSize": 16,
            },
            Object {
              "color": "#8B969E",
              "fontSize": 12,
              "marginBottom": 16,
            },
            Object {
              "fontFamily": ".SFUIDisplay",
            },
          ]
        }
      >
        May 23 at 11:12 AM
      </Text>
      <View
        style={
          Object {
            "flex": 1,
          }
        }
        testID="web-container.view"
      >
        <CanvasWebView
          automaticallyAdjustContentInsets={undefined}
          contentInset={undefined}
          navigator={
            Object {
              "dismiss": [Function],
              "dismissAllModals": [Function],
              "isModal": false,
              "pop": [Function],
              "show": [Function],
              "traitCollection": [Function],
            }
          }
          onError={[Function]}
          onFinishedLoading={[Function]}
          onMessage={[Function]}
          onNavigation={[Function]}
          scrollEnabled={false}
          source={
            Object {
              "html": "<p>1.0</p>",
            }
          }
          style={
            Object {
              "flex": 1,
            }
          }
        />
      </View>
      <View
        style={
          Object {
            "flex": 1,
            "flexDirection": "row",
            "marginTop": 16,
          }
        }
      >
        <View
          style={
            Object {
              "flex": 1,
              "flexDirection": "row",
              "justifyContent": "flex-start",
            }
          }
        >
          <TouchableOpacity
            accessibilityTraits="button"
            hitSlop={
              Object {
                "bottom": 15,
                "left": 15,
                "right": 15,
                "top": 15,
              }
            }
            onPress={[Function]}
            style={
              Object {
                "alignSelf": "flex-end",
                "paddingBottom": 2,
                "paddingRight": 2,
                "paddingTop": 2,
              }
            }
            testID="discussion.reply-btn"
            textAttributes={
              Object {
                "color": "#8B969E",
                "fontSize": 16,
                "fontWeight": "500",
              }
            }
          >
            <View>
              <Text
                accessible={true}
                allowFontScaling={true}
                ellipsizeMode="tail"
                style={
                  Array [
                    Object {
                      "fontFamily": ".SFUIDisplay",
                    },
                    Object {
                      "color": "#2D3B45",
                      "fontSize": 16,
                    },
                    Array [
                      Object {
                        "color": "#374A59",
                        "fontSize": 14,
                      },
                      Object {
                        "fontFamily": ".SFUIDisplay-bold",
                      },
                      Object {
                        "color": "#374A59",
                      },
                      Object {
                        "color": "#8B969E",
                        "fontSize": 16,
                        "fontWeight": "500",
                      },
                    ],
                    Object {
                      "fontFamily": ".SFUIDisplay-medium",
                    },
                  ]
                }
              >
                Reply
              </Text>
            </View>
          </TouchableOpacity>
          <Text
            accessible={false}
            allowFontScaling={true}
            ellipsizeMode="tail"
            style={
              Array [
                Object {
                  "fontFamily": ".SFUIDisplay",
                },
                Object {
                  "color": "#2D3B45",
                  "fontSize": 16,
                },
                Array [
                  Object {
                    "alignSelf": "flex-end",
                    "paddingBottom": 2,
                    "paddingRight": 2,
                    "paddingTop": 2,
                  },
                  Object {
                    "alignSelf": "center",
                    "color": "#C7CDD1",
                    "paddingLeft": 10,
                    "paddingRight": 10,
                    "textAlign": "center",
                  },
                ],
                Object {
                  "fontFamily": ".SFUIDisplay",
                },
              ]
            }
          >
            |
          </Text>
          <TouchableOpacity
            accessibilityTraits="button"
            hitSlop={
              Object {
                "bottom": 15,
                "left": 15,
                "right": 15,
                "top": 15,
              }
            }
            onPress={[Function]}
            style={
              Object {
                "alignSelf": "flex-end",
                "paddingBottom": 2,
                "paddingRight": 2,
                "paddingTop": 2,
              }
            }
            testID="discussion.edit-btn"
            textAttributes={
              Object {
                "color": "#8B969E",
                "fontSize": 16,
                "fontWeight": "500",
              }
            }
          >
            <View>
              <Text
                accessible={true}
                allowFontScaling={true}
                ellipsizeMode="tail"
                style={
                  Array [
                    Object {
                      "fontFamily": ".SFUIDisplay",
                    },
                    Object {
                      "color": "#2D3B45",
                      "fontSize": 16,
                    },
                    Array [
                      Object {
                        "color": "#374A59",
                        "fontSize": 14,
                      },
                      Object {
                        "fontFamily": ".SFUIDisplay-bold",
                      },
                      Object {
                        "color": "#374A59",
                      },
                      Object {
                        "color": "#8B969E",
                        "fontSize": 16,
                        "fontWeight": "500",
                      },
                    ],
                    Object {
                      "fontFamily": ".SFUIDisplay-medium",
                    },
                  ]
                }
              >
                Edit
              </Text>
            </View>
          </TouchableOpacity>
        </View>
      </View>
      <View />
    </View>
  </View>
</View>
`;
