// Jest Snapshot v1, https://goo.gl/fbAQLP

exports[`renders button correctly 1`] = `
<View
  accessibilityComponentType="button"
  accessibilityLabel={undefined}
  accessibilityTraits="button"
  accessible={true}
  collapsable={undefined}
  hitSlop={undefined}
  isTVSelectable={true}
  nativeID={undefined}
  onLayout={undefined}
  onResponderGrant={[Function]}
  onResponderMove={[Function]}
  onResponderRelease={[Function]}
  onResponderTerminate={[Function]}
  onResponderTerminationRequest={[Function]}
  onStartShouldSetResponder={[Function]}
  style={
    Object {
      "opacity": 1,
    }
  }
  testID={undefined}
  tvParallaxProperties={undefined}
>
  <View
    accessibilityLabel="Back"
    accessibilityTraits="button"
    accessible={true}
    style={
      Object {
        "paddingRight": 31,
      }
    }
  >
    <Image
      source={
        Object {
          "testUri": "../../../src/images/Back-icon.png",
        }
      }
      style={undefined}
    />
  </View>
</View>
`;
