// Jest Snapshot v1, https://goo.gl/fbAQLP

exports[`wrapComponentInProviders renders wrapped screen and shows the error screen when there is an error 1`] = `
<ErrorScreen
  navigator={
    Navigator {
      "isModal": undefined,
      "moduleName": "TestScreen",
    }
  }
/>
`;

exports[`wrapComponentInProviders renders wrapped screen with store correctly 1`] = `
<ApolloProvider
  client={
    ApolloClient {
      "cache": InMemoryCache {
        "addTypename": true,
        "cacheKeyRoot": KeyTrie {
          "weakness": true,
        },
        "config": Object {
          "addTypename": true,
          "dataIdFromObject": [Function],
          "fragmentMatcher": IntrospectionFragmentMatcher {
            "isReady": true,
            "match": [Function],
            "possibleTypesMap": Object {
              "AssignmentOverrideSet": Array [
                "Section",
                "Group",
                "AdhocStudents",
              ],
              "AssignmentsConnectionInterface": Array [
                "AssignmentGroup",
                "Course",
              ],
              "LegacyIDInterface": Array [
                "Account",
                "Assignment",
                "AssignmentGroup",
                "AssignmentOverride",
                "Course",
                "Discussion",
                "Enrollment",
                "ExternalTool",
                "ExternalUrl",
                "File",
                "GradingPeriod",
                "Group",
                "GroupMembership",
                "GroupSet",
                "MediaTrack",
                "Module",
                "ModuleExternalTool",
                "ModuleItem",
                "Outcome",
                "Page",
                "PostPolicy",
                "ProficiencyRating",
                "Progress",
                "Quiz",
                "Rubric",
                "RubricAssessment",
                "RubricAssociation",
                "RubricCriterion",
                "RubricRating",
                "Section",
                "Submission",
                "SubmissionComment",
                "SubmissionDraft",
                "Term",
                "User",
              ],
              "Lockable": Array [
                "Assignment",
                "Discussion",
                "Quiz",
                "Page",
                "Module",
              ],
              "ModuleItemInterface": Array [
                "Assignment",
                "Discussion",
                "ExternalTool",
                "ExternalUrl",
                "File",
                "ModuleExternalTool",
                "Page",
                "Quiz",
                "SubHeader",
              ],
              "Node": Array [
                "Account",
                "Assignment",
                "AssignmentGroup",
                "AssignmentOverride",
                "Course",
                "Discussion",
                "Enrollment",
                "File",
                "GradingPeriod",
                "Group",
                "GroupSet",
                "MediaObject",
                "Module",
                "ModuleItem",
                "Page",
                "PostPolicy",
                "Progress",
                "Quiz",
                "Rubric",
                "Section",
                "Submission",
                "Term",
                "User",
              ],
              "ProgressContext": Array [
                "Assignment",
                "Course",
                "File",
                "GroupSet",
                "User",
              ],
              "SubmissionInterface": Array [
                "Submission",
                "SubmissionHistory",
              ],
              "Timestamped": Array [
                "Assignment",
                "AssignmentGroup",
                "AssignmentOverride",
                "Course",
                "Discussion",
                "Enrollment",
                "ExternalTool",
                "ExternalUrl",
                "File",
                "GradingPeriod",
                "Group",
                "GroupMembership",
                "Module",
                "ModuleExternalTool",
                "ModuleItem",
                "Page",
                "Progress",
                "Quiz",
                "Section",
                "Submission",
                "SubmissionComment",
                "SubmissionHistory",
                "User",
              ],
              "TurnitinContext": Array [
                "Submission",
                "File",
              ],
            },
          },
          "freezeResults": false,
          "resultCaching": true,
        },
        "data": DepTrackingCache {
          "data": Object {},
          "depend": [Function],
        },
        "maybeBroadcastWatch": [Function],
        "optimisticData": DepTrackingCache {
          "data": Object {},
          "depend": [Function],
        },
        "silenceBroadcast": false,
        "storeReader": StoreReader {
          "executeSelectionSet": [Function],
          "executeStoreQuery": [Function],
          "executeSubSelectedArray": [Function],
          "freezeResults": false,
        },
        "storeWriter": StoreWriter {},
        "typenameDocumentCache": Map {},
        "watches": Set {},
      },
      "clearStoreCallbacks": Array [],
      "defaultOptions": Object {},
      "disableNetworkFetches": false,
      "link": HttpLink {
        "request": [Function],
      },
      "localState": LocalState {
        "cache": InMemoryCache {
          "addTypename": true,
          "cacheKeyRoot": KeyTrie {
            "weakness": true,
          },
          "config": Object {
            "addTypename": true,
            "dataIdFromObject": [Function],
            "fragmentMatcher": IntrospectionFragmentMatcher {
              "isReady": true,
              "match": [Function],
              "possibleTypesMap": Object {
                "AssignmentOverrideSet": Array [
                  "Section",
                  "Group",
                  "AdhocStudents",
                ],
                "AssignmentsConnectionInterface": Array [
                  "AssignmentGroup",
                  "Course",
                ],
                "LegacyIDInterface": Array [
                  "Account",
                  "Assignment",
                  "AssignmentGroup",
                  "AssignmentOverride",
                  "Course",
                  "Discussion",
                  "Enrollment",
                  "ExternalTool",
                  "ExternalUrl",
                  "File",
                  "GradingPeriod",
                  "Group",
                  "GroupMembership",
                  "GroupSet",
                  "MediaTrack",
                  "Module",
                  "ModuleExternalTool",
                  "ModuleItem",
                  "Outcome",
                  "Page",
                  "PostPolicy",
                  "ProficiencyRating",
                  "Progress",
                  "Quiz",
                  "Rubric",
                  "RubricAssessment",
                  "RubricAssociation",
                  "RubricCriterion",
                  "RubricRating",
                  "Section",
                  "Submission",
                  "SubmissionComment",
                  "SubmissionDraft",
                  "Term",
                  "User",
                ],
                "Lockable": Array [
                  "Assignment",
                  "Discussion",
                  "Quiz",
                  "Page",
                  "Module",
                ],
                "ModuleItemInterface": Array [
                  "Assignment",
                  "Discussion",
                  "ExternalTool",
                  "ExternalUrl",
                  "File",
                  "ModuleExternalTool",
                  "Page",
                  "Quiz",
                  "SubHeader",
                ],
                "Node": Array [
                  "Account",
                  "Assignment",
                  "AssignmentGroup",
                  "AssignmentOverride",
                  "Course",
                  "Discussion",
                  "Enrollment",
                  "File",
                  "GradingPeriod",
                  "Group",
                  "GroupSet",
                  "MediaObject",
                  "Module",
                  "ModuleItem",
                  "Page",
                  "PostPolicy",
                  "Progress",
                  "Quiz",
                  "Rubric",
                  "Section",
                  "Submission",
                  "Term",
                  "User",
                ],
                "ProgressContext": Array [
                  "Assignment",
                  "Course",
                  "File",
                  "GroupSet",
                  "User",
                ],
                "SubmissionInterface": Array [
                  "Submission",
                  "SubmissionHistory",
                ],
                "Timestamped": Array [
                  "Assignment",
                  "AssignmentGroup",
                  "AssignmentOverride",
                  "Course",
                  "Discussion",
                  "Enrollment",
                  "ExternalTool",
                  "ExternalUrl",
                  "File",
                  "GradingPeriod",
                  "Group",
                  "GroupMembership",
                  "Module",
                  "ModuleExternalTool",
                  "ModuleItem",
                  "Page",
                  "Progress",
                  "Quiz",
                  "Section",
                  "Submission",
                  "SubmissionComment",
                  "SubmissionHistory",
                  "User",
                ],
                "TurnitinContext": Array [
                  "Submission",
                  "File",
                ],
              },
            },
            "freezeResults": false,
            "resultCaching": true,
          },
          "data": DepTrackingCache {
            "data": Object {},
            "depend": [Function],
          },
          "maybeBroadcastWatch": [Function],
          "optimisticData": DepTrackingCache {
            "data": Object {},
            "depend": [Function],
          },
          "silenceBroadcast": false,
          "storeReader": StoreReader {
            "executeSelectionSet": [Function],
            "executeStoreQuery": [Function],
            "executeSubSelectedArray": [Function],
            "freezeResults": false,
          },
          "storeWriter": StoreWriter {},
          "typenameDocumentCache": Map {},
          "watches": Set {},
        },
        "client": [Circular],
      },
      "mutate": [Function],
      "query": [Function],
      "queryDeduplication": true,
      "queryManager": QueryManager {
        "assumeImmutableResults": false,
        "clientAwareness": Object {
          "name": undefined,
          "version": undefined,
        },
        "dataStore": DataStore {
          "cache": InMemoryCache {
            "addTypename": true,
            "cacheKeyRoot": KeyTrie {
              "weakness": true,
            },
            "config": Object {
              "addTypename": true,
              "dataIdFromObject": [Function],
              "fragmentMatcher": IntrospectionFragmentMatcher {
                "isReady": true,
                "match": [Function],
                "possibleTypesMap": Object {
                  "AssignmentOverrideSet": Array [
                    "Section",
                    "Group",
                    "AdhocStudents",
                  ],
                  "AssignmentsConnectionInterface": Array [
                    "AssignmentGroup",
                    "Course",
                  ],
                  "LegacyIDInterface": Array [
                    "Account",
                    "Assignment",
                    "AssignmentGroup",
                    "AssignmentOverride",
                    "Course",
                    "Discussion",
                    "Enrollment",
                    "ExternalTool",
                    "ExternalUrl",
                    "File",
                    "GradingPeriod",
                    "Group",
                    "GroupMembership",
                    "GroupSet",
                    "MediaTrack",
                    "Module",
                    "ModuleExternalTool",
                    "ModuleItem",
                    "Outcome",
                    "Page",
                    "PostPolicy",
                    "ProficiencyRating",
                    "Progress",
                    "Quiz",
                    "Rubric",
                    "RubricAssessment",
                    "RubricAssociation",
                    "RubricCriterion",
                    "RubricRating",
                    "Section",
                    "Submission",
                    "SubmissionComment",
                    "SubmissionDraft",
                    "Term",
                    "User",
                  ],
                  "Lockable": Array [
                    "Assignment",
                    "Discussion",
                    "Quiz",
                    "Page",
                    "Module",
                  ],
                  "ModuleItemInterface": Array [
                    "Assignment",
                    "Discussion",
                    "ExternalTool",
                    "ExternalUrl",
                    "File",
                    "ModuleExternalTool",
                    "Page",
                    "Quiz",
                    "SubHeader",
                  ],
                  "Node": Array [
                    "Account",
                    "Assignment",
                    "AssignmentGroup",
                    "AssignmentOverride",
                    "Course",
                    "Discussion",
                    "Enrollment",
                    "File",
                    "GradingPeriod",
                    "Group",
                    "GroupSet",
                    "MediaObject",
                    "Module",
                    "ModuleItem",
                    "Page",
                    "PostPolicy",
                    "Progress",
                    "Quiz",
                    "Rubric",
                    "Section",
                    "Submission",
                    "Term",
                    "User",
                  ],
                  "ProgressContext": Array [
                    "Assignment",
                    "Course",
                    "File",
                    "GroupSet",
                    "User",
                  ],
                  "SubmissionInterface": Array [
                    "Submission",
                    "SubmissionHistory",
                  ],
                  "Timestamped": Array [
                    "Assignment",
                    "AssignmentGroup",
                    "AssignmentOverride",
                    "Course",
                    "Discussion",
                    "Enrollment",
                    "ExternalTool",
                    "ExternalUrl",
                    "File",
                    "GradingPeriod",
                    "Group",
                    "GroupMembership",
                    "Module",
                    "ModuleExternalTool",
                    "ModuleItem",
                    "Page",
                    "Progress",
                    "Quiz",
                    "Section",
                    "Submission",
                    "SubmissionComment",
                    "SubmissionHistory",
                    "User",
                  ],
                  "TurnitinContext": Array [
                    "Submission",
                    "File",
                  ],
                },
              },
              "freezeResults": false,
              "resultCaching": true,
            },
            "data": DepTrackingCache {
              "data": Object {},
              "depend": [Function],
            },
            "maybeBroadcastWatch": [Function],
            "optimisticData": DepTrackingCache {
              "data": Object {},
              "depend": [Function],
            },
            "silenceBroadcast": false,
            "storeReader": StoreReader {
              "executeSelectionSet": [Function],
              "executeStoreQuery": [Function],
              "executeSubSelectedArray": [Function],
              "freezeResults": false,
            },
            "storeWriter": StoreWriter {},
            "typenameDocumentCache": Map {},
            "watches": Set {},
          },
        },
        "fetchQueryRejectFns": Map {},
        "idCounter": 1,
        "inFlightLinkObservables": Map {},
        "link": HttpLink {
          "request": [Function],
        },
        "localState": LocalState {
          "cache": InMemoryCache {
            "addTypename": true,
            "cacheKeyRoot": KeyTrie {
              "weakness": true,
            },
            "config": Object {
              "addTypename": true,
              "dataIdFromObject": [Function],
              "fragmentMatcher": IntrospectionFragmentMatcher {
                "isReady": true,
                "match": [Function],
                "possibleTypesMap": Object {
                  "AssignmentOverrideSet": Array [
                    "Section",
                    "Group",
                    "AdhocStudents",
                  ],
                  "AssignmentsConnectionInterface": Array [
                    "AssignmentGroup",
                    "Course",
                  ],
                  "LegacyIDInterface": Array [
                    "Account",
                    "Assignment",
                    "AssignmentGroup",
                    "AssignmentOverride",
                    "Course",
                    "Discussion",
                    "Enrollment",
                    "ExternalTool",
                    "ExternalUrl",
                    "File",
                    "GradingPeriod",
                    "Group",
                    "GroupMembership",
                    "GroupSet",
                    "MediaTrack",
                    "Module",
                    "ModuleExternalTool",
                    "ModuleItem",
                    "Outcome",
                    "Page",
                    "PostPolicy",
                    "ProficiencyRating",
                    "Progress",
                    "Quiz",
                    "Rubric",
                    "RubricAssessment",
                    "RubricAssociation",
                    "RubricCriterion",
                    "RubricRating",
                    "Section",
                    "Submission",
                    "SubmissionComment",
                    "SubmissionDraft",
                    "Term",
                    "User",
                  ],
                  "Lockable": Array [
                    "Assignment",
                    "Discussion",
                    "Quiz",
                    "Page",
                    "Module",
                  ],
                  "ModuleItemInterface": Array [
                    "Assignment",
                    "Discussion",
                    "ExternalTool",
                    "ExternalUrl",
                    "File",
                    "ModuleExternalTool",
                    "Page",
                    "Quiz",
                    "SubHeader",
                  ],
                  "Node": Array [
                    "Account",
                    "Assignment",
                    "AssignmentGroup",
                    "AssignmentOverride",
                    "Course",
                    "Discussion",
                    "Enrollment",
                    "File",
                    "GradingPeriod",
                    "Group",
                    "GroupSet",
                    "MediaObject",
                    "Module",
                    "ModuleItem",
                    "Page",
                    "PostPolicy",
                    "Progress",
                    "Quiz",
                    "Rubric",
                    "Section",
                    "Submission",
                    "Term",
                    "User",
                  ],
                  "ProgressContext": Array [
                    "Assignment",
                    "Course",
                    "File",
                    "GroupSet",
                    "User",
                  ],
                  "SubmissionInterface": Array [
                    "Submission",
                    "SubmissionHistory",
                  ],
                  "Timestamped": Array [
                    "Assignment",
                    "AssignmentGroup",
                    "AssignmentOverride",
                    "Course",
                    "Discussion",
                    "Enrollment",
                    "ExternalTool",
                    "ExternalUrl",
                    "File",
                    "GradingPeriod",
                    "Group",
                    "GroupMembership",
                    "Module",
                    "ModuleExternalTool",
                    "ModuleItem",
                    "Page",
                    "Progress",
                    "Quiz",
                    "Section",
                    "Submission",
                    "SubmissionComment",
                    "SubmissionHistory",
                    "User",
                  ],
                  "TurnitinContext": Array [
                    "Submission",
                    "File",
                  ],
                },
              },
              "freezeResults": false,
              "resultCaching": true,
            },
            "data": DepTrackingCache {
              "data": Object {},
              "depend": [Function],
            },
            "maybeBroadcastWatch": [Function],
            "optimisticData": DepTrackingCache {
              "data": Object {},
              "depend": [Function],
            },
            "silenceBroadcast": false,
            "storeReader": StoreReader {
              "executeSelectionSet": [Function],
              "executeStoreQuery": [Function],
              "executeSubSelectedArray": [Function],
              "freezeResults": false,
            },
            "storeWriter": StoreWriter {},
            "typenameDocumentCache": Map {},
            "watches": Set {},
          },
          "client": [Circular],
        },
        "mutationStore": MutationStore {
          "store": Object {},
        },
        "onBroadcast": [Function],
        "pollingInfoByQueryId": Map {},
        "queries": Map {},
        "queryDeduplication": true,
        "queryStore": QueryStore {
          "store": Object {},
        },
        "ssrMode": false,
        "transformCache": WeakMap {},
      },
      "reFetchObservableQueries": [Function],
      "resetStore": [Function],
      "resetStoreCallbacks": Array [],
      "store": DataStore {
        "cache": InMemoryCache {
          "addTypename": true,
          "cacheKeyRoot": KeyTrie {
            "weakness": true,
          },
          "config": Object {
            "addTypename": true,
            "dataIdFromObject": [Function],
            "fragmentMatcher": IntrospectionFragmentMatcher {
              "isReady": true,
              "match": [Function],
              "possibleTypesMap": Object {
                "AssignmentOverrideSet": Array [
                  "Section",
                  "Group",
                  "AdhocStudents",
                ],
                "AssignmentsConnectionInterface": Array [
                  "AssignmentGroup",
                  "Course",
                ],
                "LegacyIDInterface": Array [
                  "Account",
                  "Assignment",
                  "AssignmentGroup",
                  "AssignmentOverride",
                  "Course",
                  "Discussion",
                  "Enrollment",
                  "ExternalTool",
                  "ExternalUrl",
                  "File",
                  "GradingPeriod",
                  "Group",
                  "GroupMembership",
                  "GroupSet",
                  "MediaTrack",
                  "Module",
                  "ModuleExternalTool",
                  "ModuleItem",
                  "Outcome",
                  "Page",
                  "PostPolicy",
                  "ProficiencyRating",
                  "Progress",
                  "Quiz",
                  "Rubric",
                  "RubricAssessment",
                  "RubricAssociation",
                  "RubricCriterion",
                  "RubricRating",
                  "Section",
                  "Submission",
                  "SubmissionComment",
                  "SubmissionDraft",
                  "Term",
                  "User",
                ],
                "Lockable": Array [
                  "Assignment",
                  "Discussion",
                  "Quiz",
                  "Page",
                  "Module",
                ],
                "ModuleItemInterface": Array [
                  "Assignment",
                  "Discussion",
                  "ExternalTool",
                  "ExternalUrl",
                  "File",
                  "ModuleExternalTool",
                  "Page",
                  "Quiz",
                  "SubHeader",
                ],
                "Node": Array [
                  "Account",
                  "Assignment",
                  "AssignmentGroup",
                  "AssignmentOverride",
                  "Course",
                  "Discussion",
                  "Enrollment",
                  "File",
                  "GradingPeriod",
                  "Group",
                  "GroupSet",
                  "MediaObject",
                  "Module",
                  "ModuleItem",
                  "Page",
                  "PostPolicy",
                  "Progress",
                  "Quiz",
                  "Rubric",
                  "Section",
                  "Submission",
                  "Term",
                  "User",
                ],
                "ProgressContext": Array [
                  "Assignment",
                  "Course",
                  "File",
                  "GroupSet",
                  "User",
                ],
                "SubmissionInterface": Array [
                  "Submission",
                  "SubmissionHistory",
                ],
                "Timestamped": Array [
                  "Assignment",
                  "AssignmentGroup",
                  "AssignmentOverride",
                  "Course",
                  "Discussion",
                  "Enrollment",
                  "ExternalTool",
                  "ExternalUrl",
                  "File",
                  "GradingPeriod",
                  "Group",
                  "GroupMembership",
                  "Module",
                  "ModuleExternalTool",
                  "ModuleItem",
                  "Page",
                  "Progress",
                  "Quiz",
                  "Section",
                  "Submission",
                  "SubmissionComment",
                  "SubmissionHistory",
                  "User",
                ],
                "TurnitinContext": Array [
                  "Submission",
                  "File",
                ],
              },
            },
            "freezeResults": false,
            "resultCaching": true,
          },
          "data": DepTrackingCache {
            "data": Object {},
            "depend": [Function],
          },
          "maybeBroadcastWatch": [Function],
          "optimisticData": DepTrackingCache {
            "data": Object {},
            "depend": [Function],
          },
          "silenceBroadcast": false,
          "storeReader": StoreReader {
            "executeSelectionSet": [Function],
            "executeStoreQuery": [Function],
            "executeSubSelectedArray": [Function],
            "freezeResults": false,
          },
          "storeWriter": StoreWriter {},
          "typenameDocumentCache": Map {},
          "watches": Set {},
        },
      },
      "typeDefs": undefined,
      "version": "2.6.8",
      "watchQuery": [Function],
    }
  }
>
  <Provider
    store={
      Object {
        "dispatch": [Function],
        "getState": [Function],
        "replaceReducer": [Function],
        "subscribe": [Function],
        Symbol(observable): [Function],
      }
    }
  >
    <generator
      apollo={
        ApolloClient {
          "cache": InMemoryCache {
            "addTypename": true,
            "cacheKeyRoot": KeyTrie {
              "weakness": true,
            },
            "config": Object {
              "addTypename": true,
              "dataIdFromObject": [Function],
              "fragmentMatcher": IntrospectionFragmentMatcher {
                "isReady": true,
                "match": [Function],
                "possibleTypesMap": Object {
                  "AssignmentOverrideSet": Array [
                    "Section",
                    "Group",
                    "AdhocStudents",
                  ],
                  "AssignmentsConnectionInterface": Array [
                    "AssignmentGroup",
                    "Course",
                  ],
                  "LegacyIDInterface": Array [
                    "Account",
                    "Assignment",
                    "AssignmentGroup",
                    "AssignmentOverride",
                    "Course",
                    "Discussion",
                    "Enrollment",
                    "ExternalTool",
                    "ExternalUrl",
                    "File",
                    "GradingPeriod",
                    "Group",
                    "GroupMembership",
                    "GroupSet",
                    "MediaTrack",
                    "Module",
                    "ModuleExternalTool",
                    "ModuleItem",
                    "Outcome",
                    "Page",
                    "PostPolicy",
                    "ProficiencyRating",
                    "Progress",
                    "Quiz",
                    "Rubric",
                    "RubricAssessment",
                    "RubricAssociation",
                    "RubricCriterion",
                    "RubricRating",
                    "Section",
                    "Submission",
                    "SubmissionComment",
                    "SubmissionDraft",
                    "Term",
                    "User",
                  ],
                  "Lockable": Array [
                    "Assignment",
                    "Discussion",
                    "Quiz",
                    "Page",
                    "Module",
                  ],
                  "ModuleItemInterface": Array [
                    "Assignment",
                    "Discussion",
                    "ExternalTool",
                    "ExternalUrl",
                    "File",
                    "ModuleExternalTool",
                    "Page",
                    "Quiz",
                    "SubHeader",
                  ],
                  "Node": Array [
                    "Account",
                    "Assignment",
                    "AssignmentGroup",
                    "AssignmentOverride",
                    "Course",
                    "Discussion",
                    "Enrollment",
                    "File",
                    "GradingPeriod",
                    "Group",
                    "GroupSet",
                    "MediaObject",
                    "Module",
                    "ModuleItem",
                    "Page",
                    "PostPolicy",
                    "Progress",
                    "Quiz",
                    "Rubric",
                    "Section",
                    "Submission",
                    "Term",
                    "User",
                  ],
                  "ProgressContext": Array [
                    "Assignment",
                    "Course",
                    "File",
                    "GroupSet",
                    "User",
                  ],
                  "SubmissionInterface": Array [
                    "Submission",
                    "SubmissionHistory",
                  ],
                  "Timestamped": Array [
                    "Assignment",
                    "AssignmentGroup",
                    "AssignmentOverride",
                    "Course",
                    "Discussion",
                    "Enrollment",
                    "ExternalTool",
                    "ExternalUrl",
                    "File",
                    "GradingPeriod",
                    "Group",
                    "GroupMembership",
                    "Module",
                    "ModuleExternalTool",
                    "ModuleItem",
                    "Page",
                    "Progress",
                    "Quiz",
                    "Section",
                    "Submission",
                    "SubmissionComment",
                    "SubmissionHistory",
                    "User",
                  ],
                  "TurnitinContext": Array [
                    "Submission",
                    "File",
                  ],
                },
              },
              "freezeResults": false,
              "resultCaching": true,
            },
            "data": DepTrackingCache {
              "data": Object {},
              "depend": [Function],
            },
            "maybeBroadcastWatch": [Function],
            "optimisticData": DepTrackingCache {
              "data": Object {},
              "depend": [Function],
            },
            "silenceBroadcast": false,
            "storeReader": StoreReader {
              "executeSelectionSet": [Function],
              "executeStoreQuery": [Function],
              "executeSubSelectedArray": [Function],
              "freezeResults": false,
            },
            "storeWriter": StoreWriter {},
            "typenameDocumentCache": Map {},
            "watches": Set {},
          },
          "clearStoreCallbacks": Array [],
          "defaultOptions": Object {},
          "disableNetworkFetches": false,
          "link": HttpLink {
            "request": [Function],
          },
          "localState": LocalState {
            "cache": InMemoryCache {
              "addTypename": true,
              "cacheKeyRoot": KeyTrie {
                "weakness": true,
              },
              "config": Object {
                "addTypename": true,
                "dataIdFromObject": [Function],
                "fragmentMatcher": IntrospectionFragmentMatcher {
                  "isReady": true,
                  "match": [Function],
                  "possibleTypesMap": Object {
                    "AssignmentOverrideSet": Array [
                      "Section",
                      "Group",
                      "AdhocStudents",
                    ],
                    "AssignmentsConnectionInterface": Array [
                      "AssignmentGroup",
                      "Course",
                    ],
                    "LegacyIDInterface": Array [
                      "Account",
                      "Assignment",
                      "AssignmentGroup",
                      "AssignmentOverride",
                      "Course",
                      "Discussion",
                      "Enrollment",
                      "ExternalTool",
                      "ExternalUrl",
                      "File",
                      "GradingPeriod",
                      "Group",
                      "GroupMembership",
                      "GroupSet",
                      "MediaTrack",
                      "Module",
                      "ModuleExternalTool",
                      "ModuleItem",
                      "Outcome",
                      "Page",
                      "PostPolicy",
                      "ProficiencyRating",
                      "Progress",
                      "Quiz",
                      "Rubric",
                      "RubricAssessment",
                      "RubricAssociation",
                      "RubricCriterion",
                      "RubricRating",
                      "Section",
                      "Submission",
                      "SubmissionComment",
                      "SubmissionDraft",
                      "Term",
                      "User",
                    ],
                    "Lockable": Array [
                      "Assignment",
                      "Discussion",
                      "Quiz",
                      "Page",
                      "Module",
                    ],
                    "ModuleItemInterface": Array [
                      "Assignment",
                      "Discussion",
                      "ExternalTool",
                      "ExternalUrl",
                      "File",
                      "ModuleExternalTool",
                      "Page",
                      "Quiz",
                      "SubHeader",
                    ],
                    "Node": Array [
                      "Account",
                      "Assignment",
                      "AssignmentGroup",
                      "AssignmentOverride",
                      "Course",
                      "Discussion",
                      "Enrollment",
                      "File",
                      "GradingPeriod",
                      "Group",
                      "GroupSet",
                      "MediaObject",
                      "Module",
                      "ModuleItem",
                      "Page",
                      "PostPolicy",
                      "Progress",
                      "Quiz",
                      "Rubric",
                      "Section",
                      "Submission",
                      "Term",
                      "User",
                    ],
                    "ProgressContext": Array [
                      "Assignment",
                      "Course",
                      "File",
                      "GroupSet",
                      "User",
                    ],
                    "SubmissionInterface": Array [
                      "Submission",
                      "SubmissionHistory",
                    ],
                    "Timestamped": Array [
                      "Assignment",
                      "AssignmentGroup",
                      "AssignmentOverride",
                      "Course",
                      "Discussion",
                      "Enrollment",
                      "ExternalTool",
                      "ExternalUrl",
                      "File",
                      "GradingPeriod",
                      "Group",
                      "GroupMembership",
                      "Module",
                      "ModuleExternalTool",
                      "ModuleItem",
                      "Page",
                      "Progress",
                      "Quiz",
                      "Section",
                      "Submission",
                      "SubmissionComment",
                      "SubmissionHistory",
                      "User",
                    ],
                    "TurnitinContext": Array [
                      "Submission",
                      "File",
                    ],
                  },
                },
                "freezeResults": false,
                "resultCaching": true,
              },
              "data": DepTrackingCache {
                "data": Object {},
                "depend": [Function],
              },
              "maybeBroadcastWatch": [Function],
              "optimisticData": DepTrackingCache {
                "data": Object {},
                "depend": [Function],
              },
              "silenceBroadcast": false,
              "storeReader": StoreReader {
                "executeSelectionSet": [Function],
                "executeStoreQuery": [Function],
                "executeSubSelectedArray": [Function],
                "freezeResults": false,
              },
              "storeWriter": StoreWriter {},
              "typenameDocumentCache": Map {},
              "watches": Set {},
            },
            "client": [Circular],
          },
          "mutate": [Function],
          "query": [Function],
          "queryDeduplication": true,
          "queryManager": QueryManager {
            "assumeImmutableResults": false,
            "clientAwareness": Object {
              "name": undefined,
              "version": undefined,
            },
            "dataStore": DataStore {
              "cache": InMemoryCache {
                "addTypename": true,
                "cacheKeyRoot": KeyTrie {
                  "weakness": true,
                },
                "config": Object {
                  "addTypename": true,
                  "dataIdFromObject": [Function],
                  "fragmentMatcher": IntrospectionFragmentMatcher {
                    "isReady": true,
                    "match": [Function],
                    "possibleTypesMap": Object {
                      "AssignmentOverrideSet": Array [
                        "Section",
                        "Group",
                        "AdhocStudents",
                      ],
                      "AssignmentsConnectionInterface": Array [
                        "AssignmentGroup",
                        "Course",
                      ],
                      "LegacyIDInterface": Array [
                        "Account",
                        "Assignment",
                        "AssignmentGroup",
                        "AssignmentOverride",
                        "Course",
                        "Discussion",
                        "Enrollment",
                        "ExternalTool",
                        "ExternalUrl",
                        "File",
                        "GradingPeriod",
                        "Group",
                        "GroupMembership",
                        "GroupSet",
                        "MediaTrack",
                        "Module",
                        "ModuleExternalTool",
                        "ModuleItem",
                        "Outcome",
                        "Page",
                        "PostPolicy",
                        "ProficiencyRating",
                        "Progress",
                        "Quiz",
                        "Rubric",
                        "RubricAssessment",
                        "RubricAssociation",
                        "RubricCriterion",
                        "RubricRating",
                        "Section",
                        "Submission",
                        "SubmissionComment",
                        "SubmissionDraft",
                        "Term",
                        "User",
                      ],
                      "Lockable": Array [
                        "Assignment",
                        "Discussion",
                        "Quiz",
                        "Page",
                        "Module",
                      ],
                      "ModuleItemInterface": Array [
                        "Assignment",
                        "Discussion",
                        "ExternalTool",
                        "ExternalUrl",
                        "File",
                        "ModuleExternalTool",
                        "Page",
                        "Quiz",
                        "SubHeader",
                      ],
                      "Node": Array [
                        "Account",
                        "Assignment",
                        "AssignmentGroup",
                        "AssignmentOverride",
                        "Course",
                        "Discussion",
                        "Enrollment",
                        "File",
                        "GradingPeriod",
                        "Group",
                        "GroupSet",
                        "MediaObject",
                        "Module",
                        "ModuleItem",
                        "Page",
                        "PostPolicy",
                        "Progress",
                        "Quiz",
                        "Rubric",
                        "Section",
                        "Submission",
                        "Term",
                        "User",
                      ],
                      "ProgressContext": Array [
                        "Assignment",
                        "Course",
                        "File",
                        "GroupSet",
                        "User",
                      ],
                      "SubmissionInterface": Array [
                        "Submission",
                        "SubmissionHistory",
                      ],
                      "Timestamped": Array [
                        "Assignment",
                        "AssignmentGroup",
                        "AssignmentOverride",
                        "Course",
                        "Discussion",
                        "Enrollment",
                        "ExternalTool",
                        "ExternalUrl",
                        "File",
                        "GradingPeriod",
                        "Group",
                        "GroupMembership",
                        "Module",
                        "ModuleExternalTool",
                        "ModuleItem",
                        "Page",
                        "Progress",
                        "Quiz",
                        "Section",
                        "Submission",
                        "SubmissionComment",
                        "SubmissionHistory",
                        "User",
                      ],
                      "TurnitinContext": Array [
                        "Submission",
                        "File",
                      ],
                    },
                  },
                  "freezeResults": false,
                  "resultCaching": true,
                },
                "data": DepTrackingCache {
                  "data": Object {},
                  "depend": [Function],
                },
                "maybeBroadcastWatch": [Function],
                "optimisticData": DepTrackingCache {
                  "data": Object {},
                  "depend": [Function],
                },
                "silenceBroadcast": false,
                "storeReader": StoreReader {
                  "executeSelectionSet": [Function],
                  "executeStoreQuery": [Function],
                  "executeSubSelectedArray": [Function],
                  "freezeResults": false,
                },
                "storeWriter": StoreWriter {},
                "typenameDocumentCache": Map {},
                "watches": Set {},
              },
            },
            "fetchQueryRejectFns": Map {},
            "idCounter": 1,
            "inFlightLinkObservables": Map {},
            "link": HttpLink {
              "request": [Function],
            },
            "localState": LocalState {
              "cache": InMemoryCache {
                "addTypename": true,
                "cacheKeyRoot": KeyTrie {
                  "weakness": true,
                },
                "config": Object {
                  "addTypename": true,
                  "dataIdFromObject": [Function],
                  "fragmentMatcher": IntrospectionFragmentMatcher {
                    "isReady": true,
                    "match": [Function],
                    "possibleTypesMap": Object {
                      "AssignmentOverrideSet": Array [
                        "Section",
                        "Group",
                        "AdhocStudents",
                      ],
                      "AssignmentsConnectionInterface": Array [
                        "AssignmentGroup",
                        "Course",
                      ],
                      "LegacyIDInterface": Array [
                        "Account",
                        "Assignment",
                        "AssignmentGroup",
                        "AssignmentOverride",
                        "Course",
                        "Discussion",
                        "Enrollment",
                        "ExternalTool",
                        "ExternalUrl",
                        "File",
                        "GradingPeriod",
                        "Group",
                        "GroupMembership",
                        "GroupSet",
                        "MediaTrack",
                        "Module",
                        "ModuleExternalTool",
                        "ModuleItem",
                        "Outcome",
                        "Page",
                        "PostPolicy",
                        "ProficiencyRating",
                        "Progress",
                        "Quiz",
                        "Rubric",
                        "RubricAssessment",
                        "RubricAssociation",
                        "RubricCriterion",
                        "RubricRating",
                        "Section",
                        "Submission",
                        "SubmissionComment",
                        "SubmissionDraft",
                        "Term",
                        "User",
                      ],
                      "Lockable": Array [
                        "Assignment",
                        "Discussion",
                        "Quiz",
                        "Page",
                        "Module",
                      ],
                      "ModuleItemInterface": Array [
                        "Assignment",
                        "Discussion",
                        "ExternalTool",
                        "ExternalUrl",
                        "File",
                        "ModuleExternalTool",
                        "Page",
                        "Quiz",
                        "SubHeader",
                      ],
                      "Node": Array [
                        "Account",
                        "Assignment",
                        "AssignmentGroup",
                        "AssignmentOverride",
                        "Course",
                        "Discussion",
                        "Enrollment",
                        "File",
                        "GradingPeriod",
                        "Group",
                        "GroupSet",
                        "MediaObject",
                        "Module",
                        "ModuleItem",
                        "Page",
                        "PostPolicy",
                        "Progress",
                        "Quiz",
                        "Rubric",
                        "Section",
                        "Submission",
                        "Term",
                        "User",
                      ],
                      "ProgressContext": Array [
                        "Assignment",
                        "Course",
                        "File",
                        "GroupSet",
                        "User",
                      ],
                      "SubmissionInterface": Array [
                        "Submission",
                        "SubmissionHistory",
                      ],
                      "Timestamped": Array [
                        "Assignment",
                        "AssignmentGroup",
                        "AssignmentOverride",
                        "Course",
                        "Discussion",
                        "Enrollment",
                        "ExternalTool",
                        "ExternalUrl",
                        "File",
                        "GradingPeriod",
                        "Group",
                        "GroupMembership",
                        "Module",
                        "ModuleExternalTool",
                        "ModuleItem",
                        "Page",
                        "Progress",
                        "Quiz",
                        "Section",
                        "Submission",
                        "SubmissionComment",
                        "SubmissionHistory",
                        "User",
                      ],
                      "TurnitinContext": Array [
                        "Submission",
                        "File",
                      ],
                    },
                  },
                  "freezeResults": false,
                  "resultCaching": true,
                },
                "data": DepTrackingCache {
                  "data": Object {},
                  "depend": [Function],
                },
                "maybeBroadcastWatch": [Function],
                "optimisticData": DepTrackingCache {
                  "data": Object {},
                  "depend": [Function],
                },
                "silenceBroadcast": false,
                "storeReader": StoreReader {
                  "executeSelectionSet": [Function],
                  "executeStoreQuery": [Function],
                  "executeSubSelectedArray": [Function],
                  "freezeResults": false,
                },
                "storeWriter": StoreWriter {},
                "typenameDocumentCache": Map {},
                "watches": Set {},
              },
              "client": [Circular],
            },
            "mutationStore": MutationStore {
              "store": Object {},
            },
            "onBroadcast": [Function],
            "pollingInfoByQueryId": Map {},
            "queries": Map {},
            "queryDeduplication": true,
            "queryStore": QueryStore {
              "store": Object {},
            },
            "ssrMode": false,
            "transformCache": WeakMap {},
          },
          "reFetchObservableQueries": [Function],
          "resetStore": [Function],
          "resetStoreCallbacks": Array [],
          "store": DataStore {
            "cache": InMemoryCache {
              "addTypename": true,
              "cacheKeyRoot": KeyTrie {
                "weakness": true,
              },
              "config": Object {
                "addTypename": true,
                "dataIdFromObject": [Function],
                "fragmentMatcher": IntrospectionFragmentMatcher {
                  "isReady": true,
                  "match": [Function],
                  "possibleTypesMap": Object {
                    "AssignmentOverrideSet": Array [
                      "Section",
                      "Group",
                      "AdhocStudents",
                    ],
                    "AssignmentsConnectionInterface": Array [
                      "AssignmentGroup",
                      "Course",
                    ],
                    "LegacyIDInterface": Array [
                      "Account",
                      "Assignment",
                      "AssignmentGroup",
                      "AssignmentOverride",
                      "Course",
                      "Discussion",
                      "Enrollment",
                      "ExternalTool",
                      "ExternalUrl",
                      "File",
                      "GradingPeriod",
                      "Group",
                      "GroupMembership",
                      "GroupSet",
                      "MediaTrack",
                      "Module",
                      "ModuleExternalTool",
                      "ModuleItem",
                      "Outcome",
                      "Page",
                      "PostPolicy",
                      "ProficiencyRating",
                      "Progress",
                      "Quiz",
                      "Rubric",
                      "RubricAssessment",
                      "RubricAssociation",
                      "RubricCriterion",
                      "RubricRating",
                      "Section",
                      "Submission",
                      "SubmissionComment",
                      "SubmissionDraft",
                      "Term",
                      "User",
                    ],
                    "Lockable": Array [
                      "Assignment",
                      "Discussion",
                      "Quiz",
                      "Page",
                      "Module",
                    ],
                    "ModuleItemInterface": Array [
                      "Assignment",
                      "Discussion",
                      "ExternalTool",
                      "ExternalUrl",
                      "File",
                      "ModuleExternalTool",
                      "Page",
                      "Quiz",
                      "SubHeader",
                    ],
                    "Node": Array [
                      "Account",
                      "Assignment",
                      "AssignmentGroup",
                      "AssignmentOverride",
                      "Course",
                      "Discussion",
                      "Enrollment",
                      "File",
                      "GradingPeriod",
                      "Group",
                      "GroupSet",
                      "MediaObject",
                      "Module",
                      "ModuleItem",
                      "Page",
                      "PostPolicy",
                      "Progress",
                      "Quiz",
                      "Rubric",
                      "Section",
                      "Submission",
                      "Term",
                      "User",
                    ],
                    "ProgressContext": Array [
                      "Assignment",
                      "Course",
                      "File",
                      "GroupSet",
                      "User",
                    ],
                    "SubmissionInterface": Array [
                      "Submission",
                      "SubmissionHistory",
                    ],
                    "Timestamped": Array [
                      "Assignment",
                      "AssignmentGroup",
                      "AssignmentOverride",
                      "Course",
                      "Discussion",
                      "Enrollment",
                      "ExternalTool",
                      "ExternalUrl",
                      "File",
                      "GradingPeriod",
                      "Group",
                      "GroupMembership",
                      "Module",
                      "ModuleExternalTool",
                      "ModuleItem",
                      "Page",
                      "Progress",
                      "Quiz",
                      "Section",
                      "Submission",
                      "SubmissionComment",
                      "SubmissionHistory",
                      "User",
                    ],
                    "TurnitinContext": Array [
                      "Submission",
                      "File",
                    ],
                  },
                },
                "freezeResults": false,
                "resultCaching": true,
              },
              "data": DepTrackingCache {
                "data": Object {},
                "depend": [Function],
              },
              "maybeBroadcastWatch": [Function],
              "optimisticData": DepTrackingCache {
                "data": Object {},
                "depend": [Function],
              },
              "silenceBroadcast": false,
              "storeReader": StoreReader {
                "executeSelectionSet": [Function],
                "executeStoreQuery": [Function],
                "executeSubSelectedArray": [Function],
                "freezeResults": false,
              },
              "storeWriter": StoreWriter {},
              "typenameDocumentCache": Map {},
              "watches": Set {},
            },
          },
          "typeDefs": undefined,
          "version": "2.6.8",
          "watchQuery": [Function],
        }
      }
      navigator={
        Navigator {
          "isModal": undefined,
          "moduleName": "TestScreen",
        }
      }
      session={
        Object {
          "actAsUserID": 2,
          "authToken": "iamanauthtoken",
          "baseURL": "http://mobiledev.instructure.com/",
          "user": Object {
            "avatar_url": "https://farm3.staticflickr.com/2926/14690771011_945f91045a.jpg",
            "id": "1",
            "name": "Key and Peele",
            "primary_email": "keyandpeele@instructure.com",
          },
        }
      }
      testID="TestScreen"
    />
  </Provider>
</ApolloProvider>
`;
