// Jest Snapshot v1, https://goo.gl/fbAQLP

exports[`DiscussionsRow renders 1`] = `
<View
  accessible={false}
>
  <View
    accessible={false}
    style={
      Object {
        "marginLeft": -12,
      }
    }
  >
    <TouchableHighlight
      accessibilityLabel="Dear Ivy Iversen, your last name cannot start with your first name"
      accessibilityTraits={
        Array [
          "button",
        ]
      }
      accessible={false}
      onPress={[Function]}
      style={
        Array [
          Object {
            "height": undefined,
          },
          undefined,
          Object {
            "borderBottomColor": "#C7CDD1",
            "borderBottomWidth": 0.5,
          },
        ]
      }
      testID="discussion-row-0"
    >
      <View
        style={
          Array [
            Object {
              "alignItems": "center",
              "backgroundColor": "white",
              "flex": 1,
              "flexDirection": "row",
              "paddingBottom": 12.8,
              "paddingLeft": 16,
              "paddingRight": 16,
              "paddingTop": 12.8,
            },
            Object {
              "backgroundColor": "white",
            },
          ]
        }
      >
        <View
          style={
            Object {
              "alignSelf": "flex-start",
            }
          }
        >
          <View
            accessibilityLabel="Published"
            style={
              Object {
                "alignItems": "center",
                "flex": 0,
                "height": 32,
                "width": 46,
              }
            }
          >
            <Image
              source={1}
              style={
                Array [
                  Object {
                    "position": "absolute",
                  },
                  Object {
                    "tintColor": "#fff",
                  },
                ]
              }
            />
            <View
              style={
                Object {
                  "alignItems": "center",
                  "backgroundColor": "white",
                  "borderRadius": 8,
                  "height": 16,
                  "justifyContent": "center",
                  "left": 20,
                  "position": "absolute",
                  "top": 10,
                  "width": 16,
                }
              }
            >
              <Image
                source={1}
                style={
                  Object {
                    "height": 12,
                    "tintColor": "#00AC18",
                    "width": 12,
                  }
                }
              />
            </View>
          </View>
        </View>
        <View
          style={
            Object {
              "flex": 1,
              "flexDirection": "column",
              "justifyContent": "center",
            }
          }
        >
          <Text
            accessible={true}
            allowFontScaling={true}
            disabled={false}
            ellipsizeMode="tail"
            numberOfLines={2}
            style={
              Array [
                Object {
                  "fontFamily": ".SFUIDisplay",
                },
                Object {
                  "color": "#2D3B45",
                  "fontSize": 16,
                },
                Array [
                  Object {
                    "fontWeight": "600",
                  },
                  undefined,
                ],
                Object {
                  "fontFamily": ".SFUIDisplay-semibold",
                },
              ]
            }
          >
            Dear Ivy Iversen, your last name cannot start with your first name
          </Text>
          <View
            style={
              Object {
                "flex": 1,
                "flexDirection": "row",
                "justifyContent": "center",
              }
            }
          >
            <View
              accessible={false}
              style={
                Object {
                  "flex": 1,
                  "flexDirection": "column",
                  "justifyContent": "center",
                }
              }
            >
              <View
                style={
                  Object {
                    "flexDirection": "row",
                  }
                }
              >
                <Text
                  accessible={true}
                  allowFontScaling={true}
                  disabled={false}
                  ellipsizeMode="tail"
                  separated={
                    Array [
                      "Due May 31, 2037 at 11:59 PM",
                    ]
                  }
                  separator="  •  "
                  style={
                    Array [
                      Object {
                        "fontFamily": ".SFUIDisplay",
                      },
                      Object {
                        "color": "#2D3B45",
                        "fontSize": 16,
                      },
                      Object {
                        "color": "#8B969E",
                        "fontSize": 14,
                        "marginTop": 2,
                      },
                      Object {
                        "fontFamily": ".SFUIDisplay",
                      },
                    ]
                  }
                >
                  Due May 31, 2037 at 11:59 PM
                </Text>
              </View>
              <View
                style={
                  Object {
                    "flexDirection": "row",
                    "paddingTop": 2,
                  }
                }
              >
                <Text
                  accessible={true}
                  allowFontScaling={true}
                  disabled={false}
                  ellipsizeMode="tail"
                  style={
                    Array [
                      Object {
                        "fontFamily": ".SFUIDisplay",
                      },
                      Object {
                        "color": "#2D3B45",
                        "fontSize": 16,
                      },
                      Object {
                        "fontSize": 14,
                      },
                      Object {
                        "fontFamily": ".SFUIDisplay",
                      },
                    ]
                  }
                >
                  20 pts
                </Text>
              </View>
              <View
                style={
                  Object {
                    "flexDirection": "row",
                    "paddingTop": 2,
                  }
                }
              >
                <View
                  style={
                    Object {
                      "flexDirection": "row",
                    }
                  }
                >
                  <Text
                    accessible={true}
                    allowFontScaling={true}
                    disabled={false}
                    ellipsizeMode="tail"
                    separated={
                      Array [
                        "2 Replies",
                        "1 Unread",
                      ]
                    }
                    separator="  •  "
                    style={
                      Array [
                        Object {
                          "fontFamily": ".SFUIDisplay",
                        },
                        Object {
                          "color": "#2D3B45",
                          "fontSize": 16,
                        },
                        Object {
                          "fontSize": 14,
                        },
                        Object {
                          "fontFamily": ".SFUIDisplay",
                        },
                      ]
                    }
                  >
                    2 Replies
                  </Text>
                  <Text
                    accessible={true}
                    allowFontScaling={true}
                    disabled={false}
                    ellipsizeMode="tail"
                    style={
                      Array [
                        Object {
                          "fontFamily": ".SFUIDisplay",
                        },
                        Object {
                          "color": "#2D3B45",
                          "fontSize": 16,
                        },
                        Array [
                          Object {
                            "fontSize": 14,
                          },
                          Object {
                            "alignSelf": "center",
                            "fontSize": 10,
                          },
                        ],
                        Object {
                          "fontFamily": ".SFUIDisplay",
                        },
                      ]
                    }
                  >
                      •  
                  </Text>
                  <Text
                    accessible={true}
                    allowFontScaling={true}
                    disabled={false}
                    ellipsizeMode="tail"
                    separated={
                      Array [
                        "2 Replies",
                        "1 Unread",
                      ]
                    }
                    separator="  •  "
                    style={
                      Array [
                        Object {
                          "fontFamily": ".SFUIDisplay",
                        },
                        Object {
                          "color": "#2D3B45",
                          "fontSize": 16,
                        },
                        Object {
                          "fontSize": 14,
                        },
                        Object {
                          "fontFamily": ".SFUIDisplay",
                        },
                      ]
                    }
                  >
                    1 Unread
                  </Text>
                </View>
              </View>
            </View>
            <TouchableHighlight
              accessibilityLabel="Change Dear Ivy Iversen, your last name cannot start with your first name to different grouping"
              accessibilityTraits="button"
              accessible={true}
              onPress={[Function]}
              style={
                Object {
                  "alignSelf": "center",
                  "flex": 0,
                  "flexDirection": "column",
                  "height": 43,
                  "justifyContent": "center",
                  "marginTop": -15,
                  "width": 43,
                }
              }
              testID="discussion.kabob-1"
              underlayColor="#ffffff00"
            >
              <Image
                source={1}
                style={
                  Object {
                    "alignSelf": "flex-end",
                    "height": 18,
                    "tintColor": "#000",
                    "transform": Array [
                      Object {
                        "rotate": "180deg",
                      },
                    ],
                    "width": 18,
                  }
                }
              />
            </TouchableHighlight>
          </View>
        </View>
      </View>
    </TouchableHighlight>
  </View>
  <View
    style={
      Object {
        "backgroundColor": "#00AC18",
        "bottom": 4,
        "left": 0,
        "position": "absolute",
        "top": 4,
        "width": 3,
      }
    }
  />
  <View
    style={
      Object {
        "backgroundColor": "#008EE4",
        "borderRadius": 2.5,
        "height": 5,
        "left": 8,
        "position": "absolute",
        "top": 6,
        "width": 5,
      }
    }
  />
</View>
`;

exports[`DiscussionsRow renders published 1`] = `
<View
  accessible={false}
>
  <View
    accessible={false}
    style={
      Object {
        "marginLeft": -12,
      }
    }
  >
    <TouchableHighlight
      accessibilityLabel="Dear Ivy Iversen, your last name cannot start with your first name"
      accessibilityTraits={
        Array [
          "button",
        ]
      }
      accessible={false}
      onPress={[Function]}
      style={
        Array [
          Object {
            "height": undefined,
          },
          undefined,
          Object {
            "borderBottomColor": "#C7CDD1",
            "borderBottomWidth": 0.5,
          },
        ]
      }
      testID="discussion-row-0"
    >
      <View
        style={
          Array [
            Object {
              "alignItems": "center",
              "backgroundColor": "white",
              "flex": 1,
              "flexDirection": "row",
              "paddingBottom": 12.8,
              "paddingLeft": 16,
              "paddingRight": 16,
              "paddingTop": 12.8,
            },
            Object {
              "backgroundColor": "white",
            },
          ]
        }
      >
        <View
          style={
            Object {
              "alignSelf": "flex-start",
            }
          }
        >
          <View
            accessibilityLabel="Published"
            style={
              Object {
                "alignItems": "center",
                "flex": 0,
                "height": 32,
                "width": 46,
              }
            }
          >
            <Image
              source={1}
              style={
                Array [
                  Object {
                    "position": "absolute",
                  },
                  Object {
                    "tintColor": "#fff",
                  },
                ]
              }
            />
            <View
              style={
                Object {
                  "alignItems": "center",
                  "backgroundColor": "white",
                  "borderRadius": 8,
                  "height": 16,
                  "justifyContent": "center",
                  "left": 20,
                  "position": "absolute",
                  "top": 10,
                  "width": 16,
                }
              }
            >
              <Image
                source={1}
                style={
                  Object {
                    "height": 12,
                    "tintColor": "#00AC18",
                    "width": 12,
                  }
                }
              />
            </View>
          </View>
        </View>
        <View
          style={
            Object {
              "flex": 1,
              "flexDirection": "column",
              "justifyContent": "center",
            }
          }
        >
          <Text
            accessible={true}
            allowFontScaling={true}
            disabled={false}
            ellipsizeMode="tail"
            numberOfLines={2}
            style={
              Array [
                Object {
                  "fontFamily": ".SFUIDisplay",
                },
                Object {
                  "color": "#2D3B45",
                  "fontSize": 16,
                },
                Array [
                  Object {
                    "fontWeight": "600",
                  },
                  undefined,
                ],
                Object {
                  "fontFamily": ".SFUIDisplay-semibold",
                },
              ]
            }
          >
            Dear Ivy Iversen, your last name cannot start with your first name
          </Text>
          <View
            style={
              Object {
                "flex": 1,
                "flexDirection": "row",
                "justifyContent": "center",
              }
            }
          >
            <View
              accessible={false}
              style={
                Object {
                  "flex": 1,
                  "flexDirection": "column",
                  "justifyContent": "center",
                }
              }
            >
              <View
                style={
                  Object {
                    "flexDirection": "row",
                  }
                }
              >
                <Text
                  accessible={true}
                  allowFontScaling={true}
                  disabled={false}
                  ellipsizeMode="tail"
                  separated={
                    Array [
                      "Due May 31, 2037 at 11:59 PM",
                    ]
                  }
                  separator="  •  "
                  style={
                    Array [
                      Object {
                        "fontFamily": ".SFUIDisplay",
                      },
                      Object {
                        "color": "#2D3B45",
                        "fontSize": 16,
                      },
                      Object {
                        "color": "#8B969E",
                        "fontSize": 14,
                        "marginTop": 2,
                      },
                      Object {
                        "fontFamily": ".SFUIDisplay",
                      },
                    ]
                  }
                >
                  Due May 31, 2037 at 11:59 PM
                </Text>
              </View>
              <View
                style={
                  Object {
                    "flexDirection": "row",
                    "paddingTop": 2,
                  }
                }
              >
                <Text
                  accessible={true}
                  allowFontScaling={true}
                  disabled={false}
                  ellipsizeMode="tail"
                  style={
                    Array [
                      Object {
                        "fontFamily": ".SFUIDisplay",
                      },
                      Object {
                        "color": "#2D3B45",
                        "fontSize": 16,
                      },
                      Object {
                        "fontSize": 14,
                      },
                      Object {
                        "fontFamily": ".SFUIDisplay",
                      },
                    ]
                  }
                >
                  20 pts
                </Text>
              </View>
              <View
                style={
                  Object {
                    "flexDirection": "row",
                    "paddingTop": 2,
                  }
                }
              >
                <View
                  style={
                    Object {
                      "flexDirection": "row",
                    }
                  }
                >
                  <Text
                    accessible={true}
                    allowFontScaling={true}
                    disabled={false}
                    ellipsizeMode="tail"
                    separated={
                      Array [
                        "2 Replies",
                        "1 Unread",
                      ]
                    }
                    separator="  •  "
                    style={
                      Array [
                        Object {
                          "fontFamily": ".SFUIDisplay",
                        },
                        Object {
                          "color": "#2D3B45",
                          "fontSize": 16,
                        },
                        Object {
                          "fontSize": 14,
                        },
                        Object {
                          "fontFamily": ".SFUIDisplay",
                        },
                      ]
                    }
                  >
                    2 Replies
                  </Text>
                  <Text
                    accessible={true}
                    allowFontScaling={true}
                    disabled={false}
                    ellipsizeMode="tail"
                    style={
                      Array [
                        Object {
                          "fontFamily": ".SFUIDisplay",
                        },
                        Object {
                          "color": "#2D3B45",
                          "fontSize": 16,
                        },
                        Array [
                          Object {
                            "fontSize": 14,
                          },
                          Object {
                            "alignSelf": "center",
                            "fontSize": 10,
                          },
                        ],
                        Object {
                          "fontFamily": ".SFUIDisplay",
                        },
                      ]
                    }
                  >
                      •  
                  </Text>
                  <Text
                    accessible={true}
                    allowFontScaling={true}
                    disabled={false}
                    ellipsizeMode="tail"
                    separated={
                      Array [
                        "2 Replies",
                        "1 Unread",
                      ]
                    }
                    separator="  •  "
                    style={
                      Array [
                        Object {
                          "fontFamily": ".SFUIDisplay",
                        },
                        Object {
                          "color": "#2D3B45",
                          "fontSize": 16,
                        },
                        Object {
                          "fontSize": 14,
                        },
                        Object {
                          "fontFamily": ".SFUIDisplay",
                        },
                      ]
                    }
                  >
                    1 Unread
                  </Text>
                </View>
              </View>
            </View>
            <TouchableHighlight
              accessibilityLabel="Change Dear Ivy Iversen, your last name cannot start with your first name to different grouping"
              accessibilityTraits="button"
              accessible={true}
              onPress={[Function]}
              style={
                Object {
                  "alignSelf": "center",
                  "flex": 0,
                  "flexDirection": "column",
                  "height": 43,
                  "justifyContent": "center",
                  "marginTop": -15,
                  "width": 43,
                }
              }
              testID="discussion.kabob-1"
              underlayColor="#ffffff00"
            >
              <Image
                source={1}
                style={
                  Object {
                    "alignSelf": "flex-end",
                    "height": 18,
                    "tintColor": "#000",
                    "transform": Array [
                      Object {
                        "rotate": "180deg",
                      },
                    ],
                    "width": 18,
                  }
                }
              />
            </TouchableHighlight>
          </View>
        </View>
      </View>
    </TouchableHighlight>
  </View>
  <View
    style={
      Object {
        "backgroundColor": "#00AC18",
        "bottom": 4,
        "left": 0,
        "position": "absolute",
        "top": 4,
        "width": 3,
      }
    }
  />
  <View
    style={
      Object {
        "backgroundColor": "#008EE4",
        "borderRadius": 2.5,
        "height": 5,
        "left": 8,
        "position": "absolute",
        "top": 6,
        "width": 5,
      }
    }
  />
</View>
`;

exports[`DiscussionsRow renders unpublished 1`] = `
<View
  accessible={false}
>
  <View
    accessible={false}
    style={
      Object {
        "marginLeft": -12,
      }
    }
  >
    <TouchableHighlight
      accessibilityLabel="Dear Ivy Iversen, your last name cannot start with your first name"
      accessibilityTraits={
        Array [
          "button",
        ]
      }
      accessible={false}
      onPress={[Function]}
      style={
        Array [
          Object {
            "height": undefined,
          },
          undefined,
          Object {
            "borderBottomColor": "#C7CDD1",
            "borderBottomWidth": 0.5,
          },
        ]
      }
      testID="discussion-row-0"
    >
      <View
        style={
          Array [
            Object {
              "alignItems": "center",
              "backgroundColor": "white",
              "flex": 1,
              "flexDirection": "row",
              "paddingBottom": 12.8,
              "paddingLeft": 16,
              "paddingRight": 16,
              "paddingTop": 12.8,
            },
            Object {
              "backgroundColor": "white",
            },
          ]
        }
      >
        <View
          style={
            Object {
              "alignSelf": "flex-start",
            }
          }
        >
          <View
            accessibilityLabel="Not Published"
            style={
              Object {
                "alignItems": "center",
                "flex": 0,
                "height": 32,
                "width": 46,
              }
            }
          >
            <Image
              source={1}
              style={
                Array [
                  Object {
                    "position": "absolute",
                  },
                  Object {
                    "tintColor": "#fff",
                  },
                ]
              }
            />
            <View
              style={
                Object {
                  "alignItems": "center",
                  "backgroundColor": "white",
                  "borderRadius": 8,
                  "height": 16,
                  "justifyContent": "center",
                  "left": 20,
                  "position": "absolute",
                  "top": 10,
                  "width": 16,
                }
              }
            >
              <Image
                source={1}
                style={
                  Object {
                    "height": 12,
                    "tintColor": "#8B969E",
                    "width": 12,
                  }
                }
              />
            </View>
          </View>
        </View>
        <View
          style={
            Object {
              "flex": 1,
              "flexDirection": "column",
              "justifyContent": "center",
            }
          }
        >
          <Text
            accessible={true}
            allowFontScaling={true}
            disabled={false}
            ellipsizeMode="tail"
            numberOfLines={2}
            style={
              Array [
                Object {
                  "fontFamily": ".SFUIDisplay",
                },
                Object {
                  "color": "#2D3B45",
                  "fontSize": 16,
                },
                Array [
                  Object {
                    "fontWeight": "600",
                  },
                  undefined,
                ],
                Object {
                  "fontFamily": ".SFUIDisplay-semibold",
                },
              ]
            }
          >
            Dear Ivy Iversen, your last name cannot start with your first name
          </Text>
          <View
            style={
              Object {
                "flex": 1,
                "flexDirection": "row",
                "justifyContent": "center",
              }
            }
          >
            <View
              accessible={false}
              style={
                Object {
                  "flex": 1,
                  "flexDirection": "column",
                  "justifyContent": "center",
                }
              }
            >
              <View
                style={
                  Object {
                    "flexDirection": "row",
                  }
                }
              >
                <Text
                  accessible={true}
                  allowFontScaling={true}
                  disabled={false}
                  ellipsizeMode="tail"
                  separated={
                    Array [
                      "Due May 31, 2037 at 11:59 PM",
                    ]
                  }
                  separator="  •  "
                  style={
                    Array [
                      Object {
                        "fontFamily": ".SFUIDisplay",
                      },
                      Object {
                        "color": "#2D3B45",
                        "fontSize": 16,
                      },
                      Object {
                        "color": "#8B969E",
                        "fontSize": 14,
                        "marginTop": 2,
                      },
                      Object {
                        "fontFamily": ".SFUIDisplay",
                      },
                    ]
                  }
                >
                  Due May 31, 2037 at 11:59 PM
                </Text>
              </View>
              <View
                style={
                  Object {
                    "flexDirection": "row",
                    "paddingTop": 2,
                  }
                }
              >
                <Text
                  accessible={true}
                  allowFontScaling={true}
                  disabled={false}
                  ellipsizeMode="tail"
                  style={
                    Array [
                      Object {
                        "fontFamily": ".SFUIDisplay",
                      },
                      Object {
                        "color": "#2D3B45",
                        "fontSize": 16,
                      },
                      Object {
                        "fontSize": 14,
                      },
                      Object {
                        "fontFamily": ".SFUIDisplay",
                      },
                    ]
                  }
                >
                  20 pts
                </Text>
              </View>
              <View
                style={
                  Object {
                    "flexDirection": "row",
                    "paddingTop": 2,
                  }
                }
              >
                <View
                  style={
                    Object {
                      "flexDirection": "row",
                    }
                  }
                >
                  <Text
                    accessible={true}
                    allowFontScaling={true}
                    disabled={false}
                    ellipsizeMode="tail"
                    separated={
                      Array [
                        "2 Replies",
                        "1 Unread",
                      ]
                    }
                    separator="  •  "
                    style={
                      Array [
                        Object {
                          "fontFamily": ".SFUIDisplay",
                        },
                        Object {
                          "color": "#2D3B45",
                          "fontSize": 16,
                        },
                        Object {
                          "fontSize": 14,
                        },
                        Object {
                          "fontFamily": ".SFUIDisplay",
                        },
                      ]
                    }
                  >
                    2 Replies
                  </Text>
                  <Text
                    accessible={true}
                    allowFontScaling={true}
                    disabled={false}
                    ellipsizeMode="tail"
                    style={
                      Array [
                        Object {
                          "fontFamily": ".SFUIDisplay",
                        },
                        Object {
                          "color": "#2D3B45",
                          "fontSize": 16,
                        },
                        Array [
                          Object {
                            "fontSize": 14,
                          },
                          Object {
                            "alignSelf": "center",
                            "fontSize": 10,
                          },
                        ],
                        Object {
                          "fontFamily": ".SFUIDisplay",
                        },
                      ]
                    }
                  >
                      •  
                  </Text>
                  <Text
                    accessible={true}
                    allowFontScaling={true}
                    disabled={false}
                    ellipsizeMode="tail"
                    separated={
                      Array [
                        "2 Replies",
                        "1 Unread",
                      ]
                    }
                    separator="  •  "
                    style={
                      Array [
                        Object {
                          "fontFamily": ".SFUIDisplay",
                        },
                        Object {
                          "color": "#2D3B45",
                          "fontSize": 16,
                        },
                        Object {
                          "fontSize": 14,
                        },
                        Object {
                          "fontFamily": ".SFUIDisplay",
                        },
                      ]
                    }
                  >
                    1 Unread
                  </Text>
                </View>
              </View>
            </View>
            <TouchableHighlight
              accessibilityLabel="Change Dear Ivy Iversen, your last name cannot start with your first name to different grouping"
              accessibilityTraits="button"
              accessible={true}
              onPress={[Function]}
              style={
                Object {
                  "alignSelf": "center",
                  "flex": 0,
                  "flexDirection": "column",
                  "height": 43,
                  "justifyContent": "center",
                  "marginTop": -15,
                  "width": 43,
                }
              }
              testID="discussion.kabob-1"
              underlayColor="#ffffff00"
            >
              <Image
                source={1}
                style={
                  Object {
                    "alignSelf": "flex-end",
                    "height": 18,
                    "tintColor": "#000",
                    "transform": Array [
                      Object {
                        "rotate": "180deg",
                      },
                    ],
                    "width": 18,
                  }
                }
              />
            </TouchableHighlight>
          </View>
        </View>
      </View>
    </TouchableHighlight>
  </View>
  <View />
  <View
    style={
      Object {
        "backgroundColor": "#008EE4",
        "borderRadius": 2.5,
        "height": 5,
        "left": 8,
        "position": "absolute",
        "top": 6,
        "width": 5,
      }
    }
  />
</View>
`;

exports[`DiscussionsRow renders with no assignment 1`] = `
<View
  accessible={false}
>
  <View
    accessible={false}
    style={
      Object {
        "marginLeft": -12,
      }
    }
  >
    <TouchableHighlight
      accessibilityLabel="Dear Ivy Iversen, your last name cannot start with your first name"
      accessibilityTraits={
        Array [
          "button",
        ]
      }
      accessible={false}
      onPress={[Function]}
      style={
        Array [
          Object {
            "height": undefined,
          },
          undefined,
          Object {
            "borderBottomColor": "#C7CDD1",
            "borderBottomWidth": 0.5,
          },
        ]
      }
      testID="discussion-row-0"
    >
      <View
        style={
          Array [
            Object {
              "alignItems": "center",
              "backgroundColor": "white",
              "flex": 1,
              "flexDirection": "row",
              "paddingBottom": 12.8,
              "paddingLeft": 16,
              "paddingRight": 16,
              "paddingTop": 12.8,
            },
            Object {
              "backgroundColor": "white",
            },
          ]
        }
      >
        <View
          style={
            Object {
              "alignSelf": "flex-start",
            }
          }
        >
          <View
            accessibilityLabel="Published"
            style={
              Object {
                "alignItems": "center",
                "flex": 0,
                "height": 32,
                "width": 46,
              }
            }
          >
            <Image
              source={1}
              style={
                Array [
                  Object {
                    "position": "absolute",
                  },
                  Object {
                    "tintColor": "#fff",
                  },
                ]
              }
            />
            <View
              style={
                Object {
                  "alignItems": "center",
                  "backgroundColor": "white",
                  "borderRadius": 8,
                  "height": 16,
                  "justifyContent": "center",
                  "left": 20,
                  "position": "absolute",
                  "top": 10,
                  "width": 16,
                }
              }
            >
              <Image
                source={1}
                style={
                  Object {
                    "height": 12,
                    "tintColor": "#00AC18",
                    "width": 12,
                  }
                }
              />
            </View>
          </View>
        </View>
        <View
          style={
            Object {
              "flex": 1,
              "flexDirection": "column",
              "justifyContent": "center",
            }
          }
        >
          <Text
            accessible={true}
            allowFontScaling={true}
            disabled={false}
            ellipsizeMode="tail"
            numberOfLines={2}
            style={
              Array [
                Object {
                  "fontFamily": ".SFUIDisplay",
                },
                Object {
                  "color": "#2D3B45",
                  "fontSize": 16,
                },
                Array [
                  Object {
                    "fontWeight": "600",
                  },
                  undefined,
                ],
                Object {
                  "fontFamily": ".SFUIDisplay-semibold",
                },
              ]
            }
          >
            Dear Ivy Iversen, your last name cannot start with your first name
          </Text>
          <View
            style={
              Object {
                "flex": 1,
                "flexDirection": "row",
                "justifyContent": "center",
              }
            }
          >
            <View
              accessible={false}
              style={
                Object {
                  "flex": 1,
                  "flexDirection": "column",
                  "justifyContent": "center",
                }
              }
            >
              <View
                style={
                  Object {
                    "flexDirection": "row",
                  }
                }
              >
                <Text
                  accessible={true}
                  allowFontScaling={true}
                  disabled={false}
                  ellipsizeMode="tail"
                  separated={
                    Array [
                      "Last post Dec 10, 2016 at 9:03 PM",
                    ]
                  }
                  separator="  •  "
                  style={
                    Array [
                      Object {
                        "fontFamily": ".SFUIDisplay",
                      },
                      Object {
                        "color": "#2D3B45",
                        "fontSize": 16,
                      },
                      Object {
                        "color": "#8B969E",
                        "fontSize": 14,
                        "marginTop": 2,
                      },
                      Object {
                        "fontFamily": ".SFUIDisplay",
                      },
                    ]
                  }
                >
                  Last post Dec 10, 2016 at 9:03 PM
                </Text>
              </View>
              <View
                style={
                  Object {
                    "flexDirection": "row",
                    "paddingTop": 2,
                  }
                }
              >
                <View
                  style={
                    Object {
                      "flexDirection": "row",
                    }
                  }
                >
                  <Text
                    accessible={true}
                    allowFontScaling={true}
                    disabled={false}
                    ellipsizeMode="tail"
                    separated={
                      Array [
                        "2 Replies",
                        "1 Unread",
                      ]
                    }
                    separator="  •  "
                    style={
                      Array [
                        Object {
                          "fontFamily": ".SFUIDisplay",
                        },
                        Object {
                          "color": "#2D3B45",
                          "fontSize": 16,
                        },
                        Object {
                          "fontSize": 14,
                        },
                        Object {
                          "fontFamily": ".SFUIDisplay",
                        },
                      ]
                    }
                  >
                    2 Replies
                  </Text>
                  <Text
                    accessible={true}
                    allowFontScaling={true}
                    disabled={false}
                    ellipsizeMode="tail"
                    style={
                      Array [
                        Object {
                          "fontFamily": ".SFUIDisplay",
                        },
                        Object {
                          "color": "#2D3B45",
                          "fontSize": 16,
                        },
                        Array [
                          Object {
                            "fontSize": 14,
                          },
                          Object {
                            "alignSelf": "center",
                            "fontSize": 10,
                          },
                        ],
                        Object {
                          "fontFamily": ".SFUIDisplay",
                        },
                      ]
                    }
                  >
                      •  
                  </Text>
                  <Text
                    accessible={true}
                    allowFontScaling={true}
                    disabled={false}
                    ellipsizeMode="tail"
                    separated={
                      Array [
                        "2 Replies",
                        "1 Unread",
                      ]
                    }
                    separator="  •  "
                    style={
                      Array [
                        Object {
                          "fontFamily": ".SFUIDisplay",
                        },
                        Object {
                          "color": "#2D3B45",
                          "fontSize": 16,
                        },
                        Object {
                          "fontSize": 14,
                        },
                        Object {
                          "fontFamily": ".SFUIDisplay",
                        },
                      ]
                    }
                  >
                    1 Unread
                  </Text>
                </View>
              </View>
            </View>
            <TouchableHighlight
              accessibilityLabel="Change Dear Ivy Iversen, your last name cannot start with your first name to different grouping"
              accessibilityTraits="button"
              accessible={true}
              onPress={[Function]}
              style={
                Object {
                  "alignSelf": "center",
                  "flex": 0,
                  "flexDirection": "column",
                  "height": 43,
                  "justifyContent": "center",
                  "marginTop": -15,
                  "width": 43,
                }
              }
              testID="discussion.kabob-1"
              underlayColor="#ffffff00"
            >
              <Image
                source={1}
                style={
                  Object {
                    "alignSelf": "flex-end",
                    "height": 18,
                    "tintColor": "#000",
                    "transform": Array [
                      Object {
                        "rotate": "180deg",
                      },
                    ],
                    "width": 18,
                  }
                }
              />
            </TouchableHighlight>
          </View>
        </View>
      </View>
    </TouchableHighlight>
  </View>
  <View
    style={
      Object {
        "backgroundColor": "#00AC18",
        "bottom": 4,
        "left": 0,
        "position": "absolute",
        "top": 4,
        "width": 3,
      }
    }
  />
  <View
    style={
      Object {
        "backgroundColor": "#008EE4",
        "borderRadius": 2.5,
        "height": 5,
        "left": 8,
        "position": "absolute",
        "top": 6,
        "width": 5,
      }
    }
  />
</View>
`;

exports[`DiscussionsRow renders with no unread count 1`] = `
<View
  accessible={false}
>
  <View
    accessible={false}
    style={
      Object {
        "marginLeft": -12,
      }
    }
  >
    <TouchableHighlight
      accessibilityLabel="Dear Ivy Iversen, your last name cannot start with your first name"
      accessibilityTraits={
        Array [
          "button",
        ]
      }
      accessible={false}
      onPress={[Function]}
      style={
        Array [
          Object {
            "height": undefined,
          },
          undefined,
          Object {
            "borderBottomColor": "#C7CDD1",
            "borderBottomWidth": 0.5,
          },
        ]
      }
      testID="discussion-row-0"
    >
      <View
        style={
          Array [
            Object {
              "alignItems": "center",
              "backgroundColor": "white",
              "flex": 1,
              "flexDirection": "row",
              "paddingBottom": 12.8,
              "paddingLeft": 16,
              "paddingRight": 16,
              "paddingTop": 12.8,
            },
            Object {
              "backgroundColor": "white",
            },
          ]
        }
      >
        <View
          style={
            Object {
              "alignSelf": "flex-start",
            }
          }
        >
          <View
            accessibilityLabel="Published"
            style={
              Object {
                "alignItems": "center",
                "flex": 0,
                "height": 32,
                "width": 46,
              }
            }
          >
            <Image
              source={1}
              style={
                Array [
                  Object {
                    "position": "absolute",
                  },
                  Object {
                    "tintColor": "#fff",
                  },
                ]
              }
            />
            <View
              style={
                Object {
                  "alignItems": "center",
                  "backgroundColor": "white",
                  "borderRadius": 8,
                  "height": 16,
                  "justifyContent": "center",
                  "left": 20,
                  "position": "absolute",
                  "top": 10,
                  "width": 16,
                }
              }
            >
              <Image
                source={1}
                style={
                  Object {
                    "height": 12,
                    "tintColor": "#00AC18",
                    "width": 12,
                  }
                }
              />
            </View>
          </View>
        </View>
        <View
          style={
            Object {
              "flex": 1,
              "flexDirection": "column",
              "justifyContent": "center",
            }
          }
        >
          <Text
            accessible={true}
            allowFontScaling={true}
            disabled={false}
            ellipsizeMode="tail"
            numberOfLines={2}
            style={
              Array [
                Object {
                  "fontFamily": ".SFUIDisplay",
                },
                Object {
                  "color": "#2D3B45",
                  "fontSize": 16,
                },
                Array [
                  Object {
                    "fontWeight": "600",
                  },
                  undefined,
                ],
                Object {
                  "fontFamily": ".SFUIDisplay-semibold",
                },
              ]
            }
          >
            Dear Ivy Iversen, your last name cannot start with your first name
          </Text>
          <View
            style={
              Object {
                "flex": 1,
                "flexDirection": "row",
                "justifyContent": "center",
              }
            }
          >
            <View
              accessible={false}
              style={
                Object {
                  "flex": 1,
                  "flexDirection": "column",
                  "justifyContent": "center",
                }
              }
            >
              <View
                style={
                  Object {
                    "flexDirection": "row",
                  }
                }
              >
                <Text
                  accessible={true}
                  allowFontScaling={true}
                  disabled={false}
                  ellipsizeMode="tail"
                  separated={
                    Array [
                      "Due May 31, 2037 at 11:59 PM",
                    ]
                  }
                  separator="  •  "
                  style={
                    Array [
                      Object {
                        "fontFamily": ".SFUIDisplay",
                      },
                      Object {
                        "color": "#2D3B45",
                        "fontSize": 16,
                      },
                      Object {
                        "color": "#8B969E",
                        "fontSize": 14,
                        "marginTop": 2,
                      },
                      Object {
                        "fontFamily": ".SFUIDisplay",
                      },
                    ]
                  }
                >
                  Due May 31, 2037 at 11:59 PM
                </Text>
              </View>
              <View
                style={
                  Object {
                    "flexDirection": "row",
                    "paddingTop": 2,
                  }
                }
              >
                <Text
                  accessible={true}
                  allowFontScaling={true}
                  disabled={false}
                  ellipsizeMode="tail"
                  style={
                    Array [
                      Object {
                        "fontFamily": ".SFUIDisplay",
                      },
                      Object {
                        "color": "#2D3B45",
                        "fontSize": 16,
                      },
                      Object {
                        "fontSize": 14,
                      },
                      Object {
                        "fontFamily": ".SFUIDisplay",
                      },
                    ]
                  }
                >
                  12 pts
                </Text>
              </View>
              <View
                style={
                  Object {
                    "flexDirection": "row",
                    "paddingTop": 2,
                  }
                }
              >
                <View
                  style={
                    Object {
                      "flexDirection": "row",
                    }
                  }
                >
                  <Text
                    accessible={true}
                    allowFontScaling={true}
                    disabled={false}
                    ellipsizeMode="tail"
                    separated={
                      Array [
                        "2 Replies",
                        "0 Unread",
                      ]
                    }
                    separator="  •  "
                    style={
                      Array [
                        Object {
                          "fontFamily": ".SFUIDisplay",
                        },
                        Object {
                          "color": "#2D3B45",
                          "fontSize": 16,
                        },
                        Object {
                          "fontSize": 14,
                        },
                        Object {
                          "fontFamily": ".SFUIDisplay",
                        },
                      ]
                    }
                  >
                    2 Replies
                  </Text>
                  <Text
                    accessible={true}
                    allowFontScaling={true}
                    disabled={false}
                    ellipsizeMode="tail"
                    style={
                      Array [
                        Object {
                          "fontFamily": ".SFUIDisplay",
                        },
                        Object {
                          "color": "#2D3B45",
                          "fontSize": 16,
                        },
                        Array [
                          Object {
                            "fontSize": 14,
                          },
                          Object {
                            "alignSelf": "center",
                            "fontSize": 10,
                          },
                        ],
                        Object {
                          "fontFamily": ".SFUIDisplay",
                        },
                      ]
                    }
                  >
                      •  
                  </Text>
                  <Text
                    accessible={true}
                    allowFontScaling={true}
                    disabled={false}
                    ellipsizeMode="tail"
                    separated={
                      Array [
                        "2 Replies",
                        "0 Unread",
                      ]
                    }
                    separator="  •  "
                    style={
                      Array [
                        Object {
                          "fontFamily": ".SFUIDisplay",
                        },
                        Object {
                          "color": "#2D3B45",
                          "fontSize": 16,
                        },
                        Object {
                          "fontSize": 14,
                        },
                        Object {
                          "fontFamily": ".SFUIDisplay",
                        },
                      ]
                    }
                  >
                    0 Unread
                  </Text>
                </View>
              </View>
            </View>
            <TouchableHighlight
              accessibilityLabel="Change Dear Ivy Iversen, your last name cannot start with your first name to different grouping"
              accessibilityTraits="button"
              accessible={true}
              onPress={[Function]}
              style={
                Object {
                  "alignSelf": "center",
                  "flex": 0,
                  "flexDirection": "column",
                  "height": 43,
                  "justifyContent": "center",
                  "marginTop": -15,
                  "width": 43,
                }
              }
              testID="discussion.kabob-1"
              underlayColor="#ffffff00"
            >
              <Image
                source={1}
                style={
                  Object {
                    "alignSelf": "flex-end",
                    "height": 18,
                    "tintColor": "#000",
                    "transform": Array [
                      Object {
                        "rotate": "180deg",
                      },
                    ],
                    "width": 18,
                  }
                }
              />
            </TouchableHighlight>
          </View>
        </View>
      </View>
    </TouchableHighlight>
  </View>
  <View
    style={
      Object {
        "backgroundColor": "#00AC18",
        "bottom": 4,
        "left": 0,
        "position": "absolute",
        "top": 4,
        "width": 3,
      }
    }
  />
  <View />
</View>
`;

exports[`DiscussionsRow renders with points possible 1`] = `
<View
  accessible={false}
>
  <View
    accessible={false}
    style={
      Object {
        "marginLeft": -12,
      }
    }
  >
    <TouchableHighlight
      accessibilityLabel="Dear Ivy Iversen, your last name cannot start with your first name"
      accessibilityTraits={
        Array [
          "button",
        ]
      }
      accessible={false}
      onPress={[Function]}
      style={
        Array [
          Object {
            "height": undefined,
          },
          undefined,
          Object {
            "borderBottomColor": "#C7CDD1",
            "borderBottomWidth": 0.5,
          },
        ]
      }
      testID="discussion-row-0"
    >
      <View
        style={
          Array [
            Object {
              "alignItems": "center",
              "backgroundColor": "white",
              "flex": 1,
              "flexDirection": "row",
              "paddingBottom": 12.8,
              "paddingLeft": 16,
              "paddingRight": 16,
              "paddingTop": 12.8,
            },
            Object {
              "backgroundColor": "white",
            },
          ]
        }
      >
        <View
          style={
            Object {
              "alignSelf": "flex-start",
            }
          }
        >
          <View
            accessibilityLabel="Published"
            style={
              Object {
                "alignItems": "center",
                "flex": 0,
                "height": 32,
                "width": 46,
              }
            }
          >
            <Image
              source={1}
              style={
                Array [
                  Object {
                    "position": "absolute",
                  },
                  Object {
                    "tintColor": "#fff",
                  },
                ]
              }
            />
            <View
              style={
                Object {
                  "alignItems": "center",
                  "backgroundColor": "white",
                  "borderRadius": 8,
                  "height": 16,
                  "justifyContent": "center",
                  "left": 20,
                  "position": "absolute",
                  "top": 10,
                  "width": 16,
                }
              }
            >
              <Image
                source={1}
                style={
                  Object {
                    "height": 12,
                    "tintColor": "#00AC18",
                    "width": 12,
                  }
                }
              />
            </View>
          </View>
        </View>
        <View
          style={
            Object {
              "flex": 1,
              "flexDirection": "column",
              "justifyContent": "center",
            }
          }
        >
          <Text
            accessible={true}
            allowFontScaling={true}
            disabled={false}
            ellipsizeMode="tail"
            numberOfLines={2}
            style={
              Array [
                Object {
                  "fontFamily": ".SFUIDisplay",
                },
                Object {
                  "color": "#2D3B45",
                  "fontSize": 16,
                },
                Array [
                  Object {
                    "fontWeight": "600",
                  },
                  undefined,
                ],
                Object {
                  "fontFamily": ".SFUIDisplay-semibold",
                },
              ]
            }
          >
            Dear Ivy Iversen, your last name cannot start with your first name
          </Text>
          <View
            style={
              Object {
                "flex": 1,
                "flexDirection": "row",
                "justifyContent": "center",
              }
            }
          >
            <View
              accessible={false}
              style={
                Object {
                  "flex": 1,
                  "flexDirection": "column",
                  "justifyContent": "center",
                }
              }
            >
              <View
                style={
                  Object {
                    "flexDirection": "row",
                  }
                }
              >
                <Text
                  accessible={true}
                  allowFontScaling={true}
                  disabled={false}
                  ellipsizeMode="tail"
                  separated={
                    Array [
                      "Due May 31, 2037 at 11:59 PM",
                    ]
                  }
                  separator="  •  "
                  style={
                    Array [
                      Object {
                        "fontFamily": ".SFUIDisplay",
                      },
                      Object {
                        "color": "#2D3B45",
                        "fontSize": 16,
                      },
                      Object {
                        "color": "#8B969E",
                        "fontSize": 14,
                        "marginTop": 2,
                      },
                      Object {
                        "fontFamily": ".SFUIDisplay",
                      },
                    ]
                  }
                >
                  Due May 31, 2037 at 11:59 PM
                </Text>
              </View>
              <View
                style={
                  Object {
                    "flexDirection": "row",
                    "paddingTop": 2,
                  }
                }
              >
                <Text
                  accessible={true}
                  allowFontScaling={true}
                  disabled={false}
                  ellipsizeMode="tail"
                  style={
                    Array [
                      Object {
                        "fontFamily": ".SFUIDisplay",
                      },
                      Object {
                        "color": "#2D3B45",
                        "fontSize": 16,
                      },
                      Object {
                        "fontSize": 14,
                      },
                      Object {
                        "fontFamily": ".SFUIDisplay",
                      },
                    ]
                  }
                >
                  12 pts
                </Text>
              </View>
              <View
                style={
                  Object {
                    "flexDirection": "row",
                    "paddingTop": 2,
                  }
                }
              >
                <View
                  style={
                    Object {
                      "flexDirection": "row",
                    }
                  }
                >
                  <Text
                    accessible={true}
                    allowFontScaling={true}
                    disabled={false}
                    ellipsizeMode="tail"
                    separated={
                      Array [
                        "2 Replies",
                        "1 Unread",
                      ]
                    }
                    separator="  •  "
                    style={
                      Array [
                        Object {
                          "fontFamily": ".SFUIDisplay",
                        },
                        Object {
                          "color": "#2D3B45",
                          "fontSize": 16,
                        },
                        Object {
                          "fontSize": 14,
                        },
                        Object {
                          "fontFamily": ".SFUIDisplay",
                        },
                      ]
                    }
                  >
                    2 Replies
                  </Text>
                  <Text
                    accessible={true}
                    allowFontScaling={true}
                    disabled={false}
                    ellipsizeMode="tail"
                    style={
                      Array [
                        Object {
                          "fontFamily": ".SFUIDisplay",
                        },
                        Object {
                          "color": "#2D3B45",
                          "fontSize": 16,
                        },
                        Array [
                          Object {
                            "fontSize": 14,
                          },
                          Object {
                            "alignSelf": "center",
                            "fontSize": 10,
                          },
                        ],
                        Object {
                          "fontFamily": ".SFUIDisplay",
                        },
                      ]
                    }
                  >
                      •  
                  </Text>
                  <Text
                    accessible={true}
                    allowFontScaling={true}
                    disabled={false}
                    ellipsizeMode="tail"
                    separated={
                      Array [
                        "2 Replies",
                        "1 Unread",
                      ]
                    }
                    separator="  •  "
                    style={
                      Array [
                        Object {
                          "fontFamily": ".SFUIDisplay",
                        },
                        Object {
                          "color": "#2D3B45",
                          "fontSize": 16,
                        },
                        Object {
                          "fontSize": 14,
                        },
                        Object {
                          "fontFamily": ".SFUIDisplay",
                        },
                      ]
                    }
                  >
                    1 Unread
                  </Text>
                </View>
              </View>
            </View>
            <TouchableHighlight
              accessibilityLabel="Change Dear Ivy Iversen, your last name cannot start with your first name to different grouping"
              accessibilityTraits="button"
              accessible={true}
              onPress={[Function]}
              style={
                Object {
                  "alignSelf": "center",
                  "flex": 0,
                  "flexDirection": "column",
                  "height": 43,
                  "justifyContent": "center",
                  "marginTop": -15,
                  "width": 43,
                }
              }
              testID="discussion.kabob-1"
              underlayColor="#ffffff00"
            >
              <Image
                source={1}
                style={
                  Object {
                    "alignSelf": "flex-end",
                    "height": 18,
                    "tintColor": "#000",
                    "transform": Array [
                      Object {
                        "rotate": "180deg",
                      },
                    ],
                    "width": 18,
                  }
                }
              />
            </TouchableHighlight>
          </View>
        </View>
      </View>
    </TouchableHighlight>
  </View>
  <View
    style={
      Object {
        "backgroundColor": "#00AC18",
        "bottom": 4,
        "left": 0,
        "position": "absolute",
        "top": 4,
        "width": 3,
      }
    }
  />
  <View
    style={
      Object {
        "backgroundColor": "#008EE4",
        "borderRadius": 2.5,
        "height": 5,
        "left": 8,
        "position": "absolute",
        "top": 6,
        "width": 5,
      }
    }
  />
</View>
`;

exports[`DiscussionsRow renders without points possible 1`] = `
<View
  accessible={false}
>
  <View
    accessible={false}
    style={
      Object {
        "marginLeft": -12,
      }
    }
  >
    <TouchableHighlight
      accessibilityLabel="Dear Ivy Iversen, your last name cannot start with your first name"
      accessibilityTraits={
        Array [
          "button",
        ]
      }
      accessible={false}
      onPress={[Function]}
      style={
        Array [
          Object {
            "height": undefined,
          },
          undefined,
          Object {
            "borderBottomColor": "#C7CDD1",
            "borderBottomWidth": 0.5,
          },
        ]
      }
      testID="discussion-row-0"
    >
      <View
        style={
          Array [
            Object {
              "alignItems": "center",
              "backgroundColor": "white",
              "flex": 1,
              "flexDirection": "row",
              "paddingBottom": 12.8,
              "paddingLeft": 16,
              "paddingRight": 16,
              "paddingTop": 12.8,
            },
            Object {
              "backgroundColor": "white",
            },
          ]
        }
      >
        <View
          style={
            Object {
              "alignSelf": "flex-start",
            }
          }
        >
          <View
            accessibilityLabel="Published"
            style={
              Object {
                "alignItems": "center",
                "flex": 0,
                "height": 32,
                "width": 46,
              }
            }
          >
            <Image
              source={1}
              style={
                Array [
                  Object {
                    "position": "absolute",
                  },
                  Object {
                    "tintColor": "#fff",
                  },
                ]
              }
            />
            <View
              style={
                Object {
                  "alignItems": "center",
                  "backgroundColor": "white",
                  "borderRadius": 8,
                  "height": 16,
                  "justifyContent": "center",
                  "left": 20,
                  "position": "absolute",
                  "top": 10,
                  "width": 16,
                }
              }
            >
              <Image
                source={1}
                style={
                  Object {
                    "height": 12,
                    "tintColor": "#00AC18",
                    "width": 12,
                  }
                }
              />
            </View>
          </View>
        </View>
        <View
          style={
            Object {
              "flex": 1,
              "flexDirection": "column",
              "justifyContent": "center",
            }
          }
        >
          <Text
            accessible={true}
            allowFontScaling={true}
            disabled={false}
            ellipsizeMode="tail"
            numberOfLines={2}
            style={
              Array [
                Object {
                  "fontFamily": ".SFUIDisplay",
                },
                Object {
                  "color": "#2D3B45",
                  "fontSize": 16,
                },
                Array [
                  Object {
                    "fontWeight": "600",
                  },
                  undefined,
                ],
                Object {
                  "fontFamily": ".SFUIDisplay-semibold",
                },
              ]
            }
          >
            Dear Ivy Iversen, your last name cannot start with your first name
          </Text>
          <View
            style={
              Object {
                "flex": 1,
                "flexDirection": "row",
                "justifyContent": "center",
              }
            }
          >
            <View
              accessible={false}
              style={
                Object {
                  "flex": 1,
                  "flexDirection": "column",
                  "justifyContent": "center",
                }
              }
            >
              <View
                style={
                  Object {
                    "flexDirection": "row",
                  }
                }
              >
                <Text
                  accessible={true}
                  allowFontScaling={true}
                  disabled={false}
                  ellipsizeMode="tail"
                  separated={
                    Array [
                      "Due May 31, 2037 at 11:59 PM",
                    ]
                  }
                  separator="  •  "
                  style={
                    Array [
                      Object {
                        "fontFamily": ".SFUIDisplay",
                      },
                      Object {
                        "color": "#2D3B45",
                        "fontSize": 16,
                      },
                      Object {
                        "color": "#8B969E",
                        "fontSize": 14,
                        "marginTop": 2,
                      },
                      Object {
                        "fontFamily": ".SFUIDisplay",
                      },
                    ]
                  }
                >
                  Due May 31, 2037 at 11:59 PM
                </Text>
              </View>
              <View
                style={
                  Object {
                    "flexDirection": "row",
                    "paddingTop": 2,
                  }
                }
              >
                <View
                  style={
                    Object {
                      "flexDirection": "row",
                    }
                  }
                >
                  <Text
                    accessible={true}
                    allowFontScaling={true}
                    disabled={false}
                    ellipsizeMode="tail"
                    separated={
                      Array [
                        "2 Replies",
                        "1 Unread",
                      ]
                    }
                    separator="  •  "
                    style={
                      Array [
                        Object {
                          "fontFamily": ".SFUIDisplay",
                        },
                        Object {
                          "color": "#2D3B45",
                          "fontSize": 16,
                        },
                        Object {
                          "fontSize": 14,
                        },
                        Object {
                          "fontFamily": ".SFUIDisplay",
                        },
                      ]
                    }
                  >
                    2 Replies
                  </Text>
                  <Text
                    accessible={true}
                    allowFontScaling={true}
                    disabled={false}
                    ellipsizeMode="tail"
                    style={
                      Array [
                        Object {
                          "fontFamily": ".SFUIDisplay",
                        },
                        Object {
                          "color": "#2D3B45",
                          "fontSize": 16,
                        },
                        Array [
                          Object {
                            "fontSize": 14,
                          },
                          Object {
                            "alignSelf": "center",
                            "fontSize": 10,
                          },
                        ],
                        Object {
                          "fontFamily": ".SFUIDisplay",
                        },
                      ]
                    }
                  >
                      •  
                  </Text>
                  <Text
                    accessible={true}
                    allowFontScaling={true}
                    disabled={false}
                    ellipsizeMode="tail"
                    separated={
                      Array [
                        "2 Replies",
                        "1 Unread",
                      ]
                    }
                    separator="  •  "
                    style={
                      Array [
                        Object {
                          "fontFamily": ".SFUIDisplay",
                        },
                        Object {
                          "color": "#2D3B45",
                          "fontSize": 16,
                        },
                        Object {
                          "fontSize": 14,
                        },
                        Object {
                          "fontFamily": ".SFUIDisplay",
                        },
                      ]
                    }
                  >
                    1 Unread
                  </Text>
                </View>
              </View>
            </View>
            <TouchableHighlight
              accessibilityLabel="Change Dear Ivy Iversen, your last name cannot start with your first name to different grouping"
              accessibilityTraits="button"
              accessible={true}
              onPress={[Function]}
              style={
                Object {
                  "alignSelf": "center",
                  "flex": 0,
                  "flexDirection": "column",
                  "height": 43,
                  "justifyContent": "center",
                  "marginTop": -15,
                  "width": 43,
                }
              }
              testID="discussion.kabob-1"
              underlayColor="#ffffff00"
            >
              <Image
                source={1}
                style={
                  Object {
                    "alignSelf": "flex-end",
                    "height": 18,
                    "tintColor": "#000",
                    "transform": Array [
                      Object {
                        "rotate": "180deg",
                      },
                    ],
                    "width": 18,
                  }
                }
              />
            </TouchableHighlight>
          </View>
        </View>
      </View>
    </TouchableHighlight>
  </View>
  <View
    style={
      Object {
        "backgroundColor": "#00AC18",
        "bottom": 4,
        "left": 0,
        "position": "absolute",
        "top": 4,
        "width": 3,
      }
    }
  />
  <View
    style={
      Object {
        "backgroundColor": "#008EE4",
        "borderRadius": 2.5,
        "height": 5,
        "left": 8,
        "position": "absolute",
        "top": 6,
        "width": 5,
      }
    }
  />
</View>
`;
