// Jest Snapshot v1, https://goo.gl/fbAQLP

exports[`renders 1`] = `
<View
  accessibilityComponentType={undefined}
  accessibilityLabel={undefined}
  accessibilityTraits={undefined}
  accessible={true}
  hasTVPreferredFocus={undefined}
  hitSlop={undefined}
  isTVSelectable={true}
  onLayout={undefined}
  onResponderGrant={[Function]}
  onResponderMove={[Function]}
  onResponderRelease={[Function]}
  onResponderTerminate={[Function]}
  onResponderTerminationRequest={[Function]}
  onStartShouldSetResponder={[Function]}
  style={
    Array [
      Object {
        "backgroundColor": "transparent",
      },
      Array [
        Object {
          "borderColor": "#e3e3e3",
          "borderWidth": 0.5,
          "height": 160,
          "shadowColor": "#000",
          "shadowOffset": Object {
            "height": 1,
            "width": 0,
          },
          "shadowOpacity": 0.2,
          "shadowRadius": 1,
        },
        undefined,
      ],
    ]
  }
  testID={undefined}
  tvParallaxProperties={undefined}
>
  <View
    style={
      Object {
        "backgroundColor": "white",
        "flex": 1,
      }
    }
  >
    <View
      style={
        Object {
          "flex": 2,
          "justifyContent": "space-between",
        }
      }
    >
      <View
        style={
          Object {
            "backgroundColor": "#333",
            "height": 80,
          }
        }
      />
      <Image
        source={
          Object {
            "uri": "https://farm3.staticflickr.com/2926/14690771011_945f91045a.jpg",
          }
        }
        style={
          Object {
            "height": 80,
            "opacity": 0.2,
            "top": -80,
          }
        }
      />
      <Image
        source={1}
        style={
          Object {
            "position": "absolute",
            "right": 5,
            "top": 10,
          }
        }
      />
    </View>
    <View
      style={
        Object {
          "flex": 2,
          "marginHorizontal": 10,
          "marginTop": 20,
        }
      }
    >
      <Text
        accessible={true}
        allowFontScaling={true}
        ellipsizeMode="tail"
        numberOfLines={2}
        style={
          Object {
            "color": "#333",
            "fontSize": 14,
            "fontWeight": "500",
          }
        }
      >
        Learn React Native
      </Text>
      <Text
        accessible={true}
        allowFontScaling={true}
        ellipsizeMode="tail"
        style={
          Object {
            "color": "#8B969D",
            "fontSize": 11,
            "fontWeight": "500",
          }
        }
      >
        rn 101
      </Text>
    </View>
  </View>
</View>
`;
