// Jest Snapshot v1, https://goo.gl/fbAQLP

exports[`renders correctly 1`] = `
<View
  style={
    Object {
      "borderBottomColor": "#C7CDD1",
      "borderBottomWidth": 0.5,
      "height": 44,
    }
  }
>
  <RCTScrollView
    contentContainerStyle={
      Object {
        "alignItems": "center",
        "flex": 0,
      }
    }
    horizontal={true}
  >
    <View>
      <TouchableOpacity
        accessibilityRole={
          Array [
            "button",
          ]
        }
        accessibilityState={
          Object {
            "selected": true,
          }
        }
        onPress={[Function]}
        style={
          Object {
            "height": 44,
            "justifyContent": "center",
            "paddingLeft": 16,
            "paddingRight": 16,
          }
        }
        testID="inbox.filter-btn-all"
      >
        <Text
          style={
            Array [
              Object {
                "color": "#2D3B45",
                "fontFamily": "Lato-Regular",
                "fontSize": 16,
              },
              Array [
                Object {
                  "fontSize": 14,
                  "fontWeight": "600",
                },
                Object {
                  "color": "#008EE2",
                },
              ],
            ]
          }
        >
          All
        </Text>
        <View
          style={
            Array [
              Object {
                "backgroundColor": "#008EE2",
                "bottom": 0,
                "height": 3,
                "left": 8,
                "position": "absolute",
                "right": 8,
              },
              Object {
                "backgroundColor": "#008EE2",
              },
            ]
          }
        />
      </TouchableOpacity>
      <TouchableOpacity
        accessibilityRole={
          Array [
            "button",
          ]
        }
        accessibilityState={
          Object {
            "selected": false,
          }
        }
        onPress={[Function]}
        style={
          Object {
            "height": 44,
            "justifyContent": "center",
            "paddingLeft": 16,
            "paddingRight": 16,
          }
        }
        testID="inbox.filter-btn-unread"
      >
        <Text
          style={
            Array [
              Object {
                "color": "#2D3B45",
                "fontFamily": "Lato-Regular",
                "fontSize": 16,
              },
              Object {
                "color": "#556572",
                "fontSize": 14,
                "fontWeight": "600",
              },
            ]
          }
        >
          Unread
        </Text>
      </TouchableOpacity>
      <TouchableOpacity
        accessibilityRole={
          Array [
            "button",
          ]
        }
        accessibilityState={
          Object {
            "selected": false,
          }
        }
        onPress={[Function]}
        style={
          Object {
            "height": 44,
            "justifyContent": "center",
            "paddingLeft": 16,
            "paddingRight": 16,
          }
        }
        testID="inbox.filter-btn-starred"
      >
        <Text
          style={
            Array [
              Object {
                "color": "#2D3B45",
                "fontFamily": "Lato-Regular",
                "fontSize": 16,
              },
              Object {
                "color": "#556572",
                "fontSize": 14,
                "fontWeight": "600",
              },
            ]
          }
        >
          Starred
        </Text>
      </TouchableOpacity>
      <TouchableOpacity
        accessibilityRole={
          Array [
            "button",
          ]
        }
        accessibilityState={
          Object {
            "selected": false,
          }
        }
        onPress={[Function]}
        style={
          Object {
            "height": 44,
            "justifyContent": "center",
            "paddingLeft": 16,
            "paddingRight": 16,
          }
        }
        testID="inbox.filter-btn-sent"
      >
        <Text
          style={
            Array [
              Object {
                "color": "#2D3B45",
                "fontFamily": "Lato-Regular",
                "fontSize": 16,
              },
              Object {
                "color": "#556572",
                "fontSize": 14,
                "fontWeight": "600",
              },
            ]
          }
        >
          Sent
        </Text>
      </TouchableOpacity>
      <TouchableOpacity
        accessibilityRole={
          Array [
            "button",
          ]
        }
        accessibilityState={
          Object {
            "selected": false,
          }
        }
        onPress={[Function]}
        style={
          Object {
            "height": 44,
            "justifyContent": "center",
            "paddingLeft": 16,
            "paddingRight": 16,
          }
        }
        testID="inbox.filter-btn-archived"
      >
        <Text
          style={
            Array [
              Object {
                "color": "#2D3B45",
                "fontFamily": "Lato-Regular",
                "fontSize": 16,
              },
              Object {
                "color": "#556572",
                "fontSize": 14,
                "fontWeight": "600",
              },
            ]
          }
        >
          Archived
        </Text>
      </TouchableOpacity>
    </View>
  </RCTScrollView>
</View>
`;
